[previewthemes.com/charityplus/home-1.html]
[previewthemes.com/charityplus/core/misc/favicon.ico]
[backblue.gif]
[fade.gif]
[index.html]
[previewthemes.com/charityplus/node/1.html]
[previewthemes.com/charityplus/sites/default/files/css/css_IRVg2xEp90K5nKdW0_JWGUTocT8j0atd-UHIpd0P428.css]
[previewthemes.com/charityplus/sites/default/files/css/css_FeiFifxWpyqr-AMNJxf_tTrANJIZLUssdrqNG7Zs46s.css]
[previewthemes.com/charityplus/themes/custom/gavias_charityplus/css/update.css]
[previewthemes.com/charityplus/sites/default/files/js/js_i7-ZVlsVSpaQg-dQ1DHkV9a23HpZZMtkRpTogny8jnk.js]
[previewthemes.com/charityplus/user/login.html]
[previewthemes.com/charityplus/cart.html]
[previewthemes.com/charityplus/modules/contrib/commerce/icons/ffffff/cart.png]
[previewthemes.com/charityplus/index.html]
[previewthemes.com/charityplus/themes/custom/charityplus_subtheme/logo.png]
[previewthemes.com/charityplus/themes/custom/charityplus_subtheme/logo-white.png]
[previewthemes.com/charityplus/home-2.html]
[previewthemes.com/charityplus/home-3.html]
[previewthemes.com/charityplus/home-4.html]
[previewthemes.com/charityplus/home-5.html]
[previewthemes.com/charityplus/blogs-grid.html]
[previewthemes.com/charityplus/blogs-list.html]
[previewthemes.com/charityplus/blogs-masonry.html]
[previewthemes.com/charityplus/campaigns.html]
[previewthemes.com/charityplus/campaigns-list.html]
[previewthemes.com/charityplus/product/4.html]
[previewthemes.com/charityplus/about.html]
[previewthemes.com/charityplus/our-mission.html]
[previewthemes.com/charityplus/company-overview.html]
[previewthemes.com/charityplus/team-grid.html]
[previewthemes.com/charityplus/events.html]
[previewthemes.com/charityplus/portfolio.html]
[previewthemes.com/charityplus/careers.html]
[previewthemes.com/charityplus/our-awards.html]
[previewthemes.com/charityplus/partners.html]
[previewthemes.com/charityplus/node/12345]
[previewthemes.com/charityplus/element-button.html]
[previewthemes.com/charityplus/element-call-action.html]
[previewthemes.com/charityplus/element-heading-style.html]
[previewthemes.com/charityplus/element-icon-box.html]
[previewthemes.com/charityplus/element-piechart-skillbar.html]
[previewthemes.com/charityplus/element-quote.html]
[previewthemes.com/charityplus/element-tabs.html]
[previewthemes.com/charityplus/typography.html]
[previewthemes.com/charityplus/element-animation.html]
[previewthemes.com/charityplus/element-brand.html]
[previewthemes.com/charityplus/element-image-content.html]
[previewthemes.com/charityplus/element-testimonial.html]
[previewthemes.com/charityplus/element-pricing.html]
[previewthemes.com/charityplus/elements-more.html]
[previewthemes.com/charityplus/contact-us.html]
[previewthemes.com/charityplus/sites/default/files/gva-sliderlayer-upload/slider-1.jpg]
[previewthemes.com/charityplus/sites/default/files/gva-sliderlayer-upload/layer-2.png]
[previewthemes.com/charityplus/sites/default/files/gva-sliderlayer-upload/layer-1.png]
[previewthemes.com/charityplus/sites/default/files/gva-sliderlayer-upload/slider-2.jpg]
[previewthemes.com/charityplus/sites/default/files/gva-sliderlayer-upload/slider-3.jpg]
[previewthemes.com/charityplus/sites/default/files/gbb-uploads/image-1.jpg]
[previewthemes.com/charityplus/sites/default/files/campaigns/donation-4.jpg]
[previewthemes.com/charityplus/sites/default/files/styles/thumbnail/public/campaigns/donation-4264b.jpg]
[previewthemes.com/charityplus/product/1.html]
[previewthemes.com/charityplus/sites/default/files/styles/medium/public/campaigns/donation-4c4b3.jpg]
[previewthemes.com/charityplus/sites/default/files/campaigns/donation-6.jpg]
[previewthemes.com/charityplus/sites/default/files/styles/thumbnail/public/campaigns/donation-610a2.jpg]
[previewthemes.com/charityplus/sites/default/files/campaigns/donation-7.jpg]
[previewthemes.com/charityplus/sites/default/files/styles/thumbnail/public/campaigns/donation-7cb9c.jpg]
[previewthemes.com/charityplus/sites/default/files/campaigns/donation-8.jpg]
[previewthemes.com/charityplus/sites/default/files/styles/thumbnail/public/campaigns/donation-8689e.jpg]
[previewthemes.com/charityplus/product/2.html]
[previewthemes.com/charityplus/sites/default/files/styles/medium/public/campaigns/donation-81cd7.jpg]
[previewthemes.com/charityplus/sites/default/files/campaigns/donation-9.jpg]
[previewthemes.com/charityplus/sites/default/files/styles/thumbnail/public/campaigns/donation-9c000.jpg]
[previewthemes.com/charityplus/sites/default/files/campaigns/donation-5.jpg]
[previewthemes.com/charityplus/sites/default/files/styles/thumbnail/public/campaigns/donation-5104c.jpg]
[previewthemes.com/charityplus/sites/default/files/campaigns/donation-3.jpg]
[previewthemes.com/charityplus/sites/default/files/styles/thumbnail/public/campaigns/donation-300bd.jpg]
[previewthemes.com/charityplus/product/3.html]
[previewthemes.com/charityplus/sites/default/files/styles/medium/public/campaigns/donation-3e06a.jpg]
[previewthemes.com/charityplus/sites/default/files/campaigns/donation-1.jpg]
[previewthemes.com/charityplus/sites/default/files/styles/thumbnail/public/campaigns/donation-1464f.jpg]
[previewthemes.com/charityplus/sites/default/files/styles/medium/public/campaigns/donation-71673.jpg]
[previewthemes.com/charityplus/sites/default/files/campaigns/donation-2.jpg]
[previewthemes.com/charityplus/sites/default/files/styles/thumbnail/public/campaigns/donation-2a1f8.jpg]
[previewthemes.com/charityplus/product/5.html]
[previewthemes.com/charityplus/sites/default/files/styles/medium/public/campaigns/donation-2f263.jpg]
[previewthemes.com/charityplus/pick-device-actually-suits-your-needs.html]
[previewthemes.com/charityplus/sites/default/files/styles/normal_size/public/articles/post-120c87.jpg]
[previewthemes.com/charityplus/taxonomy/term/5.html]
[previewthemes.com/charityplus/what-average-office-worker-will-look-20-years.html]
[previewthemes.com/charityplus/sites/default/files/styles/normal_size/public/articles/post-119968.jpg]
[previewthemes.com/charityplus/one-new-years-resolution-will-improve.html]
[previewthemes.com/charityplus/sites/default/files/styles/normal_size/public/articles/post-1055ab.jpg]
[previewthemes.com/charityplus/taxonomy/term/4.html]
[previewthemes.com/charityplus/higher-education-germany-welcome-center-germany.html]
[previewthemes.com/charityplus/sites/default/files/styles/normal_size/public/articles/post-9239b.jpg]
[previewthemes.com/charityplus/taxonomy/term/3.html]
[previewthemes.com/charityplus/sites/default/files/gbb-uploads/bg-2.jpg]
[previewthemes.com/charityplus/sites/default/files/team/team-3.jpg]
[previewthemes.com/charityplus/node/59.html]
[previewthemes.com/charityplus/sites/default/files/team/team-2.jpg]
[previewthemes.com/charityplus/node/58.html]
[previewthemes.com/charityplus/sites/default/files/team/team-8.jpg]
[previewthemes.com/charityplus/node/64.html]
[previewthemes.com/charityplus/sites/default/files/team/team-7.jpg]
[previewthemes.com/charityplus/node/63.html]
[previewthemes.com/charityplus/sites/default/files/team/team-6.jpg]
[previewthemes.com/charityplus/node/62.html]
[previewthemes.com/charityplus/sites/default/files/team/team-5.jpg]
[previewthemes.com/charityplus/node/61.html]
[previewthemes.com/charityplus/sites/default/files/team/team-4.jpg]
[previewthemes.com/charityplus/node/60.html]
[previewthemes.com/charityplus/sites/default/files/team/team-1.jpg]
[previewthemes.com/charityplus/node/57.html]
[previewthemes.com/charityplus/sites/default/files/gbb-uploads/bg-3.jpg]
[previewthemes.com/charityplus/sites/default/files/banner/brand-dark-1.png]
[previewthemes.com/charityplus/sites/default/files/banner/brand-dark-2.png]
[previewthemes.com/charityplus/sites/default/files/banner/brand-dark-3.png]
[previewthemes.com/charityplus/sites/default/files/banner/brand-dark-4.png]
[previewthemes.com/charityplus/sites/default/files/banner/brand-dark-5.png]
[previewthemes.com/charityplus/sites/default/files/banner/brand-dark-6.png]
[previewthemes.com/charityplus/sites/default/files/banner/brand-dark-7.png]
[previewthemes.com/charityplus/sites/default/files/banner/brand-dark-8.png]
[previewthemes.com/cdn-cgi/scripts/5c5dd728/cloudflare-static/email-decode.min.js]
[previewthemes.com/charityplus/sites/default/files/js/js_CM7EzvWFTaOEHJVW4yNEU96IZJbH9FfdbtnDXARwvhU.js]
[platform.twitter.com/widgets.js]
[previewthemes.com/charityplus/home-1.html]
[previewthemes.com/charityplus/sites/default/files/js/js_yzjM5Q3gKtyWyQaeRALAU4-JSf1UigcubuQRnq8JsMo.js]
[previewthemes.com/charityplus/node/themes/custom/gavias_charityplus/css/custom.css]
[previewthemes.com/charityplus/node/themes/custom/gavias_charityplus/css/update.css]
[previewthemes.com/charityplus/node/1.html]
[previewthemes.com/charityplus/core/misc/throbber-active.gif]
[previewthemes.com/charityplus/core/misc/loading-small.gif]
[previewthemes.com/charityplus/core/misc/throbber-inactive.png]
[previewthemes.com/charityplus/core/misc/icons/e32700/error.svg]
[previewthemes.com/charityplus/core/misc/icons/e29700/warning.svg]
[previewthemes.com/charityplus/core/misc/icons/73b355/check.svg]
[previewthemes.com/charityplus/core/misc/icons/787878/move.svg]
[previewthemes.com/charityplus/core/misc/icons/000000/move.svg]
[previewthemes.com/charityplus/core/misc/icons/787878/twistie-down.svg]
[previewthemes.com/charityplus/core/misc/icons/787878/twistie-up.svg]
[previewthemes.com/charityplus/core/misc/tree.png]
[previewthemes.com/charityplus/core/misc/tree-bottom.png]
[previewthemes.com/charityplus/modules/custom/gavias_sliderlayer/vendor/revolution/fonts/revicons/reviconsdaa9.eot]
[previewthemes.com/charityplus/modules/custom/gavias_sliderlayer/vendor/revolution/fonts/revicons/reviconsdaa9.woff]
[previewthemes.com/charityplus/modules/custom/gavias_sliderlayer/vendor/revolution/fonts/revicons/reviconsdaa9.ttf]
[previewthemes.com/charityplus/modules/custom/gavias_sliderlayer/vendor/revolution/fonts/revicons/reviconsdaa9.svg]
[previewthemes.com/charityplus/modules/custom/gavias_sliderlayer/vendor/revolution/assets/gridtile.png]
[previewthemes.com/charityplus/modules/custom/gavias_sliderlayer/vendor/revolution/assets/gridtile_white.png]
[previewthemes.com/charityplus/modules/custom/gavias_sliderlayer/vendor/revolution/assets/gridtile_3x3.png]
[previewthemes.com/charityplus/modules/custom/gavias_sliderlayer/vendor/revolution/assets/gridtile_3x3_white.png]
[previewthemes.com/charityplus/modules/custom/gavias_sliderlayer/vendor/revolution/assets/coloredbg.png]
[previewthemes.com/charityplus/modules/custom/gavias_sliderlayer/vendor/revolution/assets/loader.gif]
[previewthemes.com/charityplus/sites/default/files/css/css_IRVg2xEp90K5nKdW0_JWGUTocT8j0atd-UHIpd0P428.css]
[previewthemes.com/charityplus/themes/custom/gavias_charityplus/css/font-awesome/webfonts/fa-brands-400.eot]
[previewthemes.com/charityplus/themes/custom/gavias_charityplus/css/font-awesome/webfonts/fa-brands-400.woff2]
[previewthemes.com/charityplus/themes/custom/gavias_charityplus/css/font-awesome/webfonts/fa-brands-400.woff]
[previewthemes.com/charityplus/themes/custom/gavias_charityplus/css/font-awesome/webfonts/fa-brands-400.ttf]
[previewthemes.com/charityplus/themes/custom/gavias_charityplus/css/font-awesome/webfonts/fa-brands-400.svg]
[previewthemes.com/charityplus/themes/custom/gavias_charityplus/css/font-awesome/webfonts/fa-regular-400.eot]
[previewthemes.com/charityplus/themes/custom/gavias_charityplus/css/font-awesome/webfonts/fa-regular-400.woff2]
[previewthemes.com/charityplus/themes/custom/gavias_charityplus/css/font-awesome/webfonts/fa-regular-400.woff]
[previewthemes.com/charityplus/themes/custom/gavias_charityplus/css/font-awesome/webfonts/fa-regular-400.ttf]
[previewthemes.com/charityplus/themes/custom/gavias_charityplus/css/font-awesome/webfonts/fa-regular-400.svg]
[previewthemes.com/charityplus/themes/custom/gavias_charityplus/css/font-awesome/webfonts/fa-solid-900.eot]
[previewthemes.com/charityplus/themes/custom/gavias_charityplus/css/font-awesome/webfonts/fa-solid-900.woff2]
[previewthemes.com/charityplus/themes/custom/gavias_charityplus/css/font-awesome/webfonts/fa-solid-900.woff]
[previewthemes.com/charityplus/themes/custom/gavias_charityplus/css/font-awesome/webfonts/fa-solid-900.ttf]
[previewthemes.com/charityplus/themes/custom/gavias_charityplus/fonts/icon/icon8f2c.eot]
[previewthemes.com/charityplus/themes/custom/gavias_charityplus/fonts/icon/icon8f2c.ttf]
[previewthemes.com/charityplus/themes/custom/gavias_charityplus/css/font-awesome/webfonts/fa-solid-900.svg]
[previewthemes.com/charityplus/themes/custom/gavias_charityplus/fonts/icon/icon8f2c.woff]
[previewthemes.com/charityplus/themes/custom/gavias_charityplus/css/zmdi/fonts/Material-Design-Iconic-Fontd1f1.woff2]
[previewthemes.com/charityplus/themes/custom/gavias_charityplus/css/zmdi/fonts/Material-Design-Iconic-Fontd1f1.woff]
[previewthemes.com/charityplus/themes/custom/gavias_charityplus/fonts/icon/icon8f2c.svg]
[previewthemes.com/charityplus/themes/custom/gavias_charityplus/css/zmdi/fonts/Material-Design-Iconic-Fontd1f1.ttf]
[previewthemes.com/charityplus/themes/custom/gavias_charityplus/vendor/owl-carousel/assets/owl.video.play.png]
[previewthemes.com/charityplus/themes/custom/gavias_charityplus/vendor/prettyphoto/images/prettyPhoto/default/sprite.png]
[previewthemes.com/charityplus/themes/custom/gavias_charityplus/vendor/prettyphoto/images/prettyPhoto/default/sprite_x.png]
[previewthemes.com/charityplus/themes/custom/gavias_charityplus/vendor/prettyphoto/images/prettyPhoto/default/sprite_y.png]
[previewthemes.com/charityplus/themes/custom/gavias_charityplus/vendor/prettyphoto/images/prettyPhoto/default/sprite_next.png]
[previewthemes.com/charityplus/themes/custom/gavias_charityplus/vendor/prettyphoto/images/prettyPhoto/default/sprite_prev.png]
[previewthemes.com/charityplus/themes/custom/gavias_charityplus/vendor/prettyphoto/images/prettyPhoto/default/default_thumb.png]
[previewthemes.com/charityplus/themes/custom/gavias_charityplus/vendor/prettyphoto/images/prettyPhoto/default/loader.gif]
[previewthemes.com/charityplus/themes/custom/gavias_charityplus/vendor/prettyphoto/images/prettyPhoto/light_rounded/sprite.png]
[previewthemes.com/charityplus/themes/custom/gavias_charityplus/vendor/prettyphoto/images/prettyPhoto/light_rounded/btnNext.png]
[previewthemes.com/charityplus/themes/custom/gavias_charityplus/vendor/prettyphoto/images/prettyPhoto/light_rounded/btnPrevious.png]
[previewthemes.com/charityplus/themes/custom/gavias_charityplus/vendor/prettyphoto/images/prettyPhoto/light_rounded/loader.gif]
[previewthemes.com/charityplus/themes/custom/gavias_charityplus/vendor/prettyphoto/images/prettyPhoto/dark_rounded/sprite.png]
[previewthemes.com/charityplus/themes/custom/gavias_charityplus/vendor/prettyphoto/images/prettyPhoto/dark_rounded/contentPattern.png]
[previewthemes.com/charityplus/themes/custom/gavias_charityplus/vendor/prettyphoto/images/prettyPhoto/dark_rounded/btnNext.png]
[previewthemes.com/charityplus/themes/custom/gavias_charityplus/vendor/prettyphoto/images/prettyPhoto/dark_rounded/btnPrevious.png]
[previewthemes.com/charityplus/themes/custom/gavias_charityplus/vendor/prettyphoto/images/prettyPhoto/dark_rounded/loader.gif]
[previewthemes.com/charityplus/themes/custom/gavias_charityplus/vendor/prettyphoto/images/prettyPhoto/dark_square/loader.gif]
[previewthemes.com/charityplus/themes/custom/gavias_charityplus/vendor/prettyphoto/images/prettyPhoto/dark_square/sprite.png]
[previewthemes.com/charityplus/themes/custom/gavias_charityplus/vendor/prettyphoto/images/prettyPhoto/dark_square/btnNext.png]
[previewthemes.com/charityplus/themes/custom/gavias_charityplus/vendor/prettyphoto/images/prettyPhoto/dark_square/btnPrevious.png]
[previewthemes.com/charityplus/themes/custom/gavias_charityplus/vendor/prettyphoto/images/prettyPhoto/light_square/sprite.png]
[previewthemes.com/charityplus/themes/custom/gavias_charityplus/vendor/prettyphoto/images/prettyPhoto/light_square/btnNext.png]
[previewthemes.com/charityplus/themes/custom/gavias_charityplus/vendor/prettyphoto/images/prettyPhoto/light_square/btnPrevious.png]
[previewthemes.com/charityplus/themes/custom/gavias_charityplus/vendor/prettyphoto/images/prettyPhoto/facebook/sprite.png]
[previewthemes.com/charityplus/themes/custom/gavias_charityplus/vendor/prettyphoto/images/prettyPhoto/facebook/contentPatternTop.png]
[previewthemes.com/charityplus/themes/custom/gavias_charityplus/vendor/prettyphoto/images/prettyPhoto/facebook/contentPatternLeft.png]
[previewthemes.com/charityplus/themes/custom/gavias_charityplus/vendor/prettyphoto/images/prettyPhoto/facebook/contentPatternRight.png]
[previewthemes.com/charityplus/themes/custom/gavias_charityplus/vendor/prettyphoto/images/prettyPhoto/facebook/loader.gif]
[previewthemes.com/charityplus/themes/custom/gavias_charityplus/vendor/prettyphoto/images/prettyPhoto/facebook/btnNext.png]
[previewthemes.com/charityplus/themes/custom/gavias_charityplus/vendor/prettyphoto/images/prettyPhoto/facebook/btnPrevious.png]
[previewthemes.com/charityplus/themes/custom/gavias_charityplus/vendor/prettyphoto/images/prettyPhoto/facebook/contentPatternBottom.png]
[previewthemes.com/charityplus/themes/custom/gavias_charityplus/vendor/prettyphoto/images/prettyPhoto/facebook/default_thumbnail.gif]
[previewthemes.com/charityplus/themes/custom/gavias_charityplus/vendor/ytplayer/css/font/ytp-regular.eot]
[previewthemes.com/charityplus/themes/custom/gavias_charityplus/vendor/popup-gallery/fonts/lgd294.eot]
[previewthemes.com/charityplus/themes/custom/gavias_charityplus/vendor/popup-gallery/fonts/lg.eot]
[previewthemes.com/charityplus/themes/custom/gavias_charityplus/vendor/popup-gallery/fonts/lgd294.woff]
[previewthemes.com/charityplus/themes/custom/gavias_charityplus/vendor/popup-gallery/fonts/lgd294.ttf]
[previewthemes.com/charityplus/themes/custom/gavias_charityplus/vendor/popup-gallery/fonts/lgd294.svg]
[previewthemes.com/charityplus/themes/custom/gavias_charityplus/vendor/popup-gallery/img/vimeo-play.png]
[previewthemes.com/charityplus/themes/custom/gavias_charityplus/vendor/popup-gallery/img/video-play.png]
[previewthemes.com/charityplus/themes/custom/gavias_charityplus/vendor/popup-gallery/img/youtube-play.png]
[previewthemes.com/charityplus/themes/custom/gavias_charityplus/vendor/popup-gallery/img/loading.gif]
[previewthemes.com/charityplus/themes/custom/gavias_charityplus/images/icon-play-2.png]
[previewthemes.com/charityplus/themes/custom/gavias_charityplus/images/btn-arrow.png]
[previewthemes.com/charityplus/themes/custom/gavias_charityplus/images/forum-default.png]
[previewthemes.com/charityplus/themes/custom/gavias_charityplus/images/forum-icons.png]
[previewthemes.com/charityplus/themes/custom/gavias_charityplus/images/icon-play.png]
[previewthemes.com/charityplus/themes/custom/gavias_charityplus/images/testimonial-icon.png]
[previewthemes.com/charityplus/themes/custom/gavias_charityplus/images/bg-icon-h4.png]
[previewthemes.com/charityplus/themes/custom/gavias_charityplus/images/bg-icon-hover-h4.png]
[previewthemes.com/charityplus/sites/default/files/css/css_FeiFifxWpyqr-AMNJxf_tTrANJIZLUssdrqNG7Zs46s.css]
[previewthemes.com/charityplus/themes/custom/gavias_charityplus/css/custom.css]
[previewthemes.com/charityplus/themes/custom/gavias_charityplus/css/update.css]
[previewthemes.com/charityplus/sites/default/files/css/css_muZsr-gxLH22uzxpHzGxyPGKcmoGpMgIRp9OqnSRI5w.css]
[previewthemes.com/charityplus/user/themes/custom/gavias_charityplus/css/custom.css]
[previewthemes.com/charityplus/user/themes/custom/gavias_charityplus/css/update.css]
[previewthemes.com/charityplus/user/register.html]
[previewthemes.com/charityplus/user/password.html]
[previewthemes.com/charityplus/user/login.html]
[previewthemes.com/charityplus/sites/default/files/js/js_7m5apIcH72JqoomSeugtcbG46BaNwfwahHvpkPMaGKM.js]
[previewthemes.com/charityplus/'/charityplus/themes/custom/gavias_charityplus/images/breadcrumb.jpg']
[previewthemes.com/charityplus/sites/default/files/styles/thumbnail/public/articles/post-122bf8.jpg]
[previewthemes.com/charityplus/sites/default/files/styles/thumbnail/public/articles/post-1161b2.jpg]
[previewthemes.com/charityplus/sites/default/files/styles/thumbnail/public/articles/post-10b7b3.jpg]
[previewthemes.com/charityplus/taxonomy/term/1.html]
[previewthemes.com/charityplus/cart.html]
[previewthemes.com/charityplus/index.html]
[previewthemes.com/charityplus/taxonomy/term/2.html]
[previewthemes.com/charityplus/node/2.html]
[previewthemes.com/charityplus/sites/default/files/gbb-uploads/image-2.jpg]
[previewthemes.com/charityplus/sites/default/files/gbb-uploads/image-3.jpg]
[previewthemes.com/charityplus/sites/default/files/gbb-uploads/image-4.jpg]
[previewthemes.com/charityplus/product/6.html]
[previewthemes.com/charityplus/sites/default/files/gbb-uploads/bg-4.jpg]
[previewthemes.com/charityplus/home-2.html]
[previewthemes.com/charityplus/node/3.html]
[previewthemes.com/charityplus/node/95.html]
[previewthemes.com/charityplus/node/94.html]
[previewthemes.com/charityplus/node/93.html]
[previewthemes.com/charityplus/sites/default/files/gbb-uploads/bg-video.jpg]
[previewthemes.com/charityplus/home-3.html]
[previewthemes.com/charityplus/node/4.html]
[previewthemes.com/charityplus/sites/default/files/gbb-uploads/image-5.jpg]
[previewthemes.com/charityplus/sites/default/files/gbb-uploads/image-6.jpg]
[previewthemes.com/charityplus/sites/default/files/gbb-uploads/image-7.jpg]
[previewthemes.com/charityplus/sites/default/files/gbb-uploads/bg-5.jpg]
[previewthemes.com/charityplus/sites/default/files/gbb-uploads/bg-6.jpg]
[previewthemes.com/charityplus/home-4.html]
[previewthemes.com/charityplus/sites/default/files/js/js_r5Y4aJceiB191r_6LZUZMYDxr-GDTuTQqhHavkpW2Kk.js]
[previewthemes.com/charityplus/node/5.html]
[previewthemes.com/charityplus/sites/default/files/gva-sliderlayer-upload/slider-4.jpg]
[previewthemes.com/charityplus/sites/default/files/gva-sliderlayer-upload/slider-5.jpg]
[previewthemes.com/charityplus/sites/default/files/gbb-uploads/image-8.jpg]
[previewthemes.com/charityplus/sites/default/files/gbb-uploads/image-9.jpg]
[previewthemes.com/charityplus/sites/default/files/gbb-uploads/image-14.jpg]
[previewthemes.com/charityplus/sites/default/files/gbb-uploads/image-11.jpg]
[previewthemes.com/charityplus/sites/default/files/gbb-uploads/image-13.jpg]
[previewthemes.com/charityplus/sites/default/files/gbb-uploads/image-15.jpg]
[previewthemes.com/charityplus/sites/default/files/gbb-uploads/image-16.jpg]
[previewthemes.com/charityplus/sites/default/files/gbb-uploads/image-17.jpg]
[previewthemes.com/private/charityplus/sites/default/files/inline-images/image-footer.jpg]
[previewthemes.com/charityplus/home-5.html]
[previewthemes.com/charityplus/sites/default/files/styles/medium/public/articles/post-1263e7.jpg]
[previewthemes.com/charityplus/sites/default/files/styles/medium/public/articles/post-110079.jpg]
[previewthemes.com/charityplus/sites/default/files/styles/medium/public/articles/post-102b7e.jpg]
[previewthemes.com/charityplus/sites/default/files/styles/medium/public/articles/post-95d86.jpg]
[previewthemes.com/charityplus/15-simple-ways-become-more-productive-person.html]
[previewthemes.com/charityplus/sites/default/files/styles/medium/public/articles/post-8050e.jpg]
[previewthemes.com/charityplus/xiaomi-mijia-smart-ip-camera-review-where-buy-2020.html]
[previewthemes.com/charityplus/sites/default/files/styles/medium/public/articles/post-7ccef.jpg]
[previewthemes.com/charityplus/taxonomy/term/6.html]
[previewthemes.com/charityplus/blogs-grid02e4.html]
[previewthemes.com/charityplus/blogs-grid.html]
[previewthemes.com/charityplus/blogs-grid2679.html]
[previewthemes.com/charityplus/sites/default/files/styles/normal_size/public/articles/post-83b88.jpg]
[previewthemes.com/charityplus/blogs-list02e4.html]
[previewthemes.com/charityplus/blogs-list2679.html]
[previewthemes.com/charityplus/blogs-list.html]
[previewthemes.com/charityplus/blogs-list4658.html]
[previewthemes.com/charityplus/blogs-masonry02e4.html]
[previewthemes.com/charityplus/blogs-masonry.html]
[previewthemes.com/charityplus/blogs-masonry2679.html]
[previewthemes.com/charityplus/node/103.html]
[previewthemes.com/charityplus/sites/default/files/gbb-uploads/bg-campaign.jpg]
[previewthemes.com/charityplus/sites/default/files/styles/medium/public/campaigns/donation-182ee.jpg]
[previewthemes.com/charityplus/campaigns.html]
[previewthemes.com/charityplus/campaigns-list.html]
[previewthemes.com/charityplus/node/104.html]
[previewthemes.com/charityplus/product/themes/custom/gavias_charityplus/css/custom.css]
[previewthemes.com/charityplus/product/themes/custom/gavias_charityplus/css/update.css]
[previewthemes.com/charityplus/product/'/charityplus/themes/custom/gavias_charityplus/images/breadcrumb.jpg']
[previewthemes.com/charityplus/sites/default/files/inline-images/single-campain1.jpg]
[previewthemes.com/charityplus/sites/default/files/inline-images/single-campain2.jpg]
[previewthemes.com/charityplus/product/4.html]
[previewthemes.com/charityplus/taxonomy/term/16.html]
[previewthemes.com/charityplus/node/70.html]
[previewthemes.com/charityplus/sites/default/files/gbb-uploads/image-18.jpg]
[previewthemes.com/charityplus/sites/default/files/testimonial/image-1.jpg]
[previewthemes.com/charityplus/about.html]
[previewthemes.com/charityplus/our-mission.html]
[previewthemes.com/charityplus/node/6.html]
[previewthemes.com/charityplus/company-overview.html]
[previewthemes.com/charityplus/node/71.html]
[previewthemes.com/charityplus/team-grid2679.html]
[previewthemes.com/charityplus/team-grid.html]
[previewthemes.com/charityplus/sites/default/files/js/js_ZG8KgeTmEPM87cHghuBnhnriYhD3odoe4UPTFiBTA1g.js]
[previewthemes.com/charityplus/sites/default/files/styles/small/public/events/event-1b605.jpg]
[previewthemes.com/charityplus/sites/default/files/styles/small/public/events/event-2ae63.jpg]
[previewthemes.com/charityplus/sites/default/files/styles/small/public/events/event-350c5.jpg]
[previewthemes.com/charityplus/events.html]
[previewthemes.com/charityplus/lowpoly-social.html]
[previewthemes.com/charityplus/sites/default/files/styles/square/public/portfolio/portfolio-122c90.jpg]
[previewthemes.com/charityplus/taxonomy/term/12.html]
[previewthemes.com/charityplus/special-bikes.html]
[previewthemes.com/charityplus/sites/default/files/styles/square/public/portfolio/portfolio-11a668.jpg]
[previewthemes.com/charityplus/taxonomy/term/14.html]
[previewthemes.com/charityplus/mobile-weather-app.html]
[previewthemes.com/charityplus/sites/default/files/styles/square/public/portfolio/portfolio-1070e7.jpg]
[previewthemes.com/charityplus/mountain-drift.html]
[previewthemes.com/charityplus/sites/default/files/styles/square/public/portfolio/portfolio-9d6eb.jpg]
[previewthemes.com/charityplus/taxonomy/term/13.html]
[previewthemes.com/charityplus/business-card-0.html]
[previewthemes.com/charityplus/sites/default/files/styles/square/public/portfolio/portfolio-8c707.jpg]
[previewthemes.com/charityplus/taxonomy/term/11.html]
[previewthemes.com/charityplus/application-mobile.html]
[previewthemes.com/charityplus/sites/default/files/styles/square/public/portfolio/portfolio-78eed.jpg]
[previewthemes.com/charityplus/business-card-red.html]
[previewthemes.com/charityplus/sites/default/files/styles/square/public/portfolio/portfolio-6582c.jpg]
[previewthemes.com/charityplus/box-ext-content.html]
[previewthemes.com/charityplus/sites/default/files/styles/square/public/portfolio/portfolio-52871.jpg]
[previewthemes.com/charityplus/business-card.html]
[previewthemes.com/charityplus/sites/default/files/styles/square/public/portfolio/portfolio-4a027.jpg]
[previewthemes.com/charityplus/portfolio2679.html]
[previewthemes.com/charityplus/portfolio.html]
[previewthemes.com/charityplus/sites/default/files/js/js_4qSBtmB2aOWul3g77M9Yuk1XCnn2Xq7d5j53DE9mj-Q.js]
[previewthemes.com/charityplus/node/73.html]
[previewthemes.com/charityplus/sites/default/files/gbb-uploads/job-1.png]
[previewthemes.com/charityplus/sites/default/files/gbb-uploads/job-2.png]
[previewthemes.com/charityplus/sites/default/files/gbb-uploads/job-3.jpg]
[previewthemes.com/charityplus/sites/default/files/gbb-uploads/job-4.png]
[previewthemes.com/charityplus/careers.html]
[previewthemes.com/charityplus/node/74.html]
[previewthemes.com/charityplus/sites/default/files/gbb-uploads/awards-1.jpg]
[previewthemes.com/charityplus/sites/default/files/gbb-uploads/awards-2.jpg]
[previewthemes.com/charityplus/sites/default/files/gbb-uploads/awards-3.jpg]
[previewthemes.com/charityplus/sites/default/files/gbb-uploads/awards-4.jpg]
[previewthemes.com/charityplus/sites/default/files/gbb-uploads/awards-5.jpg]
[previewthemes.com/charityplus/sites/default/files/gbb-uploads/awards-6.jpg]
[previewthemes.com/charityplus/our-awards.html]
[previewthemes.com/charityplus/node/75.html]
[previewthemes.com/charityplus/sites/default/files/gbb-uploads/partners-1.jpg]
[previewthemes.com/charityplus/sites/default/files/gbb-uploads/partners-2.jpg]
[previewthemes.com/charityplus/sites/default/files/gbb-uploads/partners-3.jpg]
[previewthemes.com/charityplus/partners.html]
[previewthemes.com/charityplus/node/12345.html]
[previewthemes.com/charityplus/node/77.html]
[previewthemes.com/charityplus/element-button.html]
[previewthemes.com/charityplus/sites/default/files/css/css_UNOk9fFb7UWbrMj2XrUad7T8hilQRCpfvXZUQb4OasY.css]
[previewthemes.com/charityplus/element-call-action.html]
[previewthemes.com/charityplus/node/83.html]
[previewthemes.com/charityplus/element-heading-style.html]
[previewthemes.com/charityplus/node/81.html]
[previewthemes.com/charityplus/element-icon-box.html]
[previewthemes.com/charityplus/node/79.html]
[previewthemes.com/charityplus/element-piechart-skillbar.html]
[previewthemes.com/charityplus/node/78.html]
[previewthemes.com/charityplus/element-quote.html]
[previewthemes.com/charityplus/node/76.html]
[previewthemes.com/charityplus/node/80.html]
[previewthemes.com/charityplus/sites/default/files/gbb-uploads/banner-tab1.jpg]
[previewthemes.com/charityplus/sites/default/files/gbb-uploads/banner-tab2.jpg]
[previewthemes.com/charityplus/sites/default/files/gbb-uploads/banner-tab3.jpg]
[previewthemes.com/charityplus/element-tabs.html]
[previewthemes.com/charityplus/typography.html]
[previewthemes.com/charityplus/node/82.html]
[previewthemes.com/charityplus/element-animation.html]
[previewthemes.com/charityplus/node/96.html]
[previewthemes.com/charityplus/node/97.html]
[previewthemes.com/charityplus/sites/default/files/gbb-uploads/map.png]
[previewthemes.com/charityplus/element-brand.html]
[previewthemes.com/charityplus/element-image-content.html]
[previewthemes.com/charityplus/node/98.html]
[previewthemes.com/charityplus/node/99.html]
[previewthemes.com/charityplus/sites/default/files/testimonial/avatar-4.jpg]
[previewthemes.com/charityplus/sites/default/files/testimonial/avatar-3.jpg]
[previewthemes.com/charityplus/element-testimonial.html]
[previewthemes.com/charityplus/element-pricing.html]
[previewthemes.com/charityplus/node/100.html]
[previewthemes.com/charityplus/node/101.html]
[previewthemes.com/charityplus/themes/custom/gavias_charityplus/vendor/gmap3.js]
[previewthemes.com/charityplus/elements-more.html]
[previewthemes.com/charityplus/themes/custom/gavias_charityplus/vendor/jquery.ui.map.min.js]
[previewthemes.com/charityplus/node/102.html]
[previewthemes.com/charityplus/sites/default/files/css/css_gTRS2fFdWcC2apscNNFmUeoi4n4qEu8mB-h_PxtrlZ8.css]
[previewthemes.com/charityplus/contact-us.html]
[previewthemes.com/charityplus/sites/default/files/js/js_aRDkMzEF7PNmC444C4dsSyDnT5Vw3b_IhTxaDBkKYts.js]
[previewthemes.com/charityplus/product/1.html]
[previewthemes.com/charityplus/taxonomy/term/15.html]
[previewthemes.com/charityplus/product/2.html]
[previewthemes.com/charityplus/taxonomy/term/18.html]
[previewthemes.com/charityplus/product/3.html]
[previewthemes.com/charityplus/product/5.html]
[previewthemes.com/charityplus/taxonomy/term/17.html]
[previewthemes.com/charityplus/node/18.html]
[previewthemes.com/charityplus/sites/default/files/articles/post-12.jpg]
[previewthemes.com/charityplus/pick-device-actually-suits-your-needs02e4.html]
[previewthemes.com/charityplus/pick-device-actually-suits-your-needs/index.html]
[previewthemes.com/charityplus/pick-device-actually-suits-your-needs2679.html]
[previewthemes.com/charityplus/user/1]
[previewthemes.com/charityplus/sites/default/files/styles/thumbnail/public/team/team-52a5f.jpg]
[previewthemes.com/charityplus/user/loginf362.html]
[previewthemes.com/charityplus/pick-device-actually-suits-your-needs.html]
[previewthemes.com/charityplus/user/registerf362.html]
[previewthemes.com/charityplus/taxonomy/term/5/feed]
[previewthemes.com/charityplus/taxonomy/term/themes/custom/gavias_charityplus/css/custom.css]
[previewthemes.com/charityplus/taxonomy/term/themes/custom/gavias_charityplus/css/update.css]
[previewthemes.com/charityplus/taxonomy/term/'/charityplus/themes/custom/gavias_charityplus/images/breadcrumb.jpg']
[previewthemes.com/charityplus/record-number-robots-were-employed-2018.html]
[previewthemes.com/charityplus/sites/default/files/styles/medium/public/articles/post-681b4.jpg]
[previewthemes.com/charityplus/taxonomy/term/5.html]
[previewthemes.com/charityplus/node/17.html]
[previewthemes.com/charityplus/sites/default/files/articles/post-11.jpg]
[previewthemes.com/charityplus/what-average-office-worker-will-look-20-years02e4.html]
[previewthemes.com/charityplus/what-average-office-worker-will-look-20-years/index.html]
[previewthemes.com/charityplus/what-average-office-worker-will-look-20-years2679.html]
[previewthemes.com/charityplus/user/login48b4.html]
[previewthemes.com/charityplus/what-average-office-worker-will-look-20-years.html]
[previewthemes.com/charityplus/user/register48b4.html]
[previewthemes.com/charityplus/node/16.html]
[previewthemes.com/charityplus/sites/default/files/articles/post-10.jpg]
[previewthemes.com/charityplus/one-new-years-resolution-will-improve02e4.html]
[previewthemes.com/charityplus/one-new-years-resolution-will-improve/index.html]
[previewthemes.com/charityplus/one-new-years-resolution-will-improve2679.html]
[previewthemes.com/charityplus/user/logineaaa.html]
[previewthemes.com/charityplus/one-new-years-resolution-will-improve.html]
[previewthemes.com/charityplus/user/registereaaa.html]
[previewthemes.com/charityplus/taxonomy/term/4/feed]
[previewthemes.com/charityplus/top-50-questions-ask-your-school-counselor.html]
[previewthemes.com/charityplus/sites/default/files/styles/medium/public/articles/post-5502e.jpg]
[previewthemes.com/charityplus/content-social-hybrid-marketing-strategy-pearson-brown.html]
[previewthemes.com/charityplus/sites/default/files/styles/medium/public/articles/post-16660.jpg]
[previewthemes.com/charityplus/taxonomy/term/4.html]
[previewthemes.com/charityplus/node/15.html]
[previewthemes.com/charityplus/sites/default/files/articles/post-9.jpg]
[previewthemes.com/charityplus/higher-education-germany-welcome-center-germany/index.html]
[previewthemes.com/charityplus/higher-education-germany-welcome-center-germany02e4.html]
[previewthemes.com/charityplus/higher-education-germany-welcome-center-germany2679.html]
[previewthemes.com/charityplus/user/loginfdbd.html]
[previewthemes.com/charityplus/higher-education-germany-welcome-center-germany.html]
[previewthemes.com/charityplus/user/registerfdbd.html]
[previewthemes.com/charityplus/taxonomy/term/3/feed]
[previewthemes.com/charityplus/roman-book-classical-literature-and-society.html]
[previewthemes.com/charityplus/sites/default/files/styles/medium/public/articles/post-46ef9.jpg]
[previewthemes.com/charityplus/taxonomy/term/3.html]
[previewthemes.com/charityplus/node/'/charityplus/themes/custom/gavias_charityplus/images/breadcrumb.jpg']
[previewthemes.com/charityplus/node/59.html]
[previewthemes.com/charityplus/node/58.html]
[previewthemes.com/charityplus/node/64.html]
[previewthemes.com/charityplus/node/63.html]
[previewthemes.com/charityplus/node/62.html]
[previewthemes.com/charityplus/node/61.html]
[previewthemes.com/charityplus/node/60.html]
[previewthemes.com/charityplus/node/57.html]
[previewthemes.com/charityplus/node/themes/custom/gavias_charityplus/css/custom.html]
[previewthemes.com/charityplus/node/themes/custom/gavias_charityplus/css/update.html]
[previewthemes.com/charityplus/core/misc/icons/e32700/error.svg]
[previewthemes.com/charityplus/core/misc/icons/e29700/warning.svg]
[previewthemes.com/charityplus/core/misc/icons/73b355/check.svg]
[previewthemes.com/charityplus/core/misc/icons/787878/move.svg]
[previewthemes.com/charityplus/core/misc/icons/000000/move.svg]
[previewthemes.com/charityplus/core/misc/icons/787878/twistie-down.svg]
[previewthemes.com/charityplus/core/misc/icons/787878/twistie-up.svg]
[previewthemes.com/charityplus/modules/custom/gavias_sliderlayer/vendor/revolution/fonts/revicons/reviconsdaa9.svg]
[previewthemes.com/charityplus/modules/custom/gavias_sliderlayer/vendor/revolution/css/openhand.html]
[previewthemes.com/charityplus/modules/custom/gavias_sliderlayer/vendor/revolution/css/closedhand.html]
[previewthemes.com/charityplus/themes/custom/gavias_charityplus/css/font-awesome/webfonts/fa-brands-400.svg]
[previewthemes.com/charityplus/themes/custom/gavias_charityplus/css/font-awesome/webfonts/fa-regular-400.svg]
[previewthemes.com/charityplus/themes/custom/gavias_charityplus/css/font-awesome/webfonts/fa-solid-900.svg]
[previewthemes.com/charityplus/themes/custom/gavias_charityplus/fonts/icon/icon8f2c.svg]
[previewthemes.com/charityplus/themes/custom/gavias_charityplus/vendor/ytplayer/css/font/ytp-regular.html]
[previewthemes.com/charityplus/themes/custom/gavias_charityplus/vendor/popup-gallery/fonts/lgd294.svg]
[previewthemes.com/charityplus/themes/custom/gavias_charityplus/images/testimonial-icon.html]
[previewthemes.com/charityplus/themes/custom/gavias_charityplus/images/bg-icon-h4.html]
[previewthemes.com/charityplus/themes/custom/gavias_charityplus/images/bg-icon-hover-h4.html]
[previewthemes.com/charityplus/sites/default/files/css/css_muZsr-gxLH22uzxpHzGxyPGKcmoGpMgIRp9OqnSRI5w.css]
[previewthemes.com/charityplus/user/themes/custom/gavias_charityplus/css/custom.html]
[previewthemes.com/charityplus/user/themes/custom/gavias_charityplus/css/update.html]
[previewthemes.com/charityplus/core/assets/vendor/modernizr/modernizr.minda51.js]
[previewthemes.com/charityplus/sites/default/files/js/js_c8LbWbHV1txem3q8oAzuadnL-HiBShaQH_WRviNqT_g.js]
[previewthemes.com/charityplus/core/misc/modernizr-additional-testsda51.js]
[previewthemes.com/charityplus/sites/default/files/js/js_tUFdjIOHwkqspkCI84ZcXLfl0Oucgx6p5rat_DtOnJM.js]
[previewthemes.com/charityplus/user/register.html]
[previewthemes.com/charityplus/user/password.html]
[previewthemes.com/charityplus/'/charityplus/themes/custom/gavias_charityplus/images/breadcrumb.html]
[previewthemes.com/charityplus/sites/default/files/js/js_ypZxCYAwPHVlrEQf-QLIObwszeMkquWInYiV6UymxBI.js]
[previewthemes.com/charityplus/taxonomy/term/1/feed]
[previewthemes.com/charityplus/how-do-i-know-if-business-finance-loans-are-right-me.html]
[previewthemes.com/charityplus/sites/default/files/styles/medium/public/articles/post-29cdd.jpg]
[previewthemes.com/charityplus/taxonomy/term/1.html]
[previewthemes.com/charityplus/taxonomy/term/2/feed]
[previewthemes.com/charityplus/best-monitors-mac-mini-digital-trends.html]
[previewthemes.com/charityplus/sites/default/files/styles/medium/public/articles/post-35496.jpg]
[previewthemes.com/charityplus/taxonomy/term/2.html]
[previewthemes.com/charityplus/node/2.html]
[previewthemes.com/charityplus/product/6.html]
[previewthemes.com/charityplus/node/3.html]
[previewthemes.com/charityplus/sites/default/files/events/event-1.jpg]
[previewthemes.com/charityplus/node/95.html]
[previewthemes.com/charityplus/sites/default/files/events/event-2.jpg]
[previewthemes.com/charityplus/node/94.html]
[previewthemes.com/charityplus/sites/default/files/events/event-3.jpg]
[previewthemes.com/charityplus/node/93.html]
[previewthemes.com/charityplus/node/4.html]
[previewthemes.com/charityplus/node/5.html]
[previewthemes.com/private/charityplus/sites/default/files/inline-images/image-footer.html]
[previewthemes.com/charityplus/node/14.html]
[previewthemes.com/charityplus/sites/default/files/articles/post-8.jpg]
[previewthemes.com/charityplus/15-simple-ways-become-more-productive-person02e4.html]
[previewthemes.com/charityplus/15-simple-ways-become-more-productive-person/index.html]
[previewthemes.com/charityplus/15-simple-ways-become-more-productive-person2679.html]
[previewthemes.com/charityplus/user/login0c23.html]
[previewthemes.com/charityplus/15-simple-ways-become-more-productive-person.html]
[previewthemes.com/charityplus/user/register0c23.html]
[previewthemes.com/charityplus/node/13.html]
[previewthemes.com/charityplus/sites/default/files/articles/post-7.jpg]
[previewthemes.com/charityplus/xiaomi-mijia-smart-ip-camera-review-where-buy-202002e4.html]
[previewthemes.com/charityplus/xiaomi-mijia-smart-ip-camera-review-where-buy-2020/index.html]
[previewthemes.com/charityplus/xiaomi-mijia-smart-ip-camera-review-where-buy-20202679.html]
[previewthemes.com/charityplus/user/login7bff.html]
[previewthemes.com/charityplus/xiaomi-mijia-smart-ip-camera-review-where-buy-2020.html]
[previewthemes.com/charityplus/user/register7bff.html]
[previewthemes.com/charityplus/taxonomy/term/6/feed]
[previewthemes.com/charityplus/taxonomy/term/6.html]
[previewthemes.com/charityplus/blogs-grid02e4.html]
[previewthemes.com/charityplus/blogs-grid2679.html]
[previewthemes.com/charityplus/blogs-list02e4.html]
[previewthemes.com/charityplus/sites/default/files/styles/normal_size/public/articles/post-7189b.jpg]
[previewthemes.com/charityplus/sites/default/files/styles/normal_size/public/articles/post-6334e.jpg]
[previewthemes.com/charityplus/sites/default/files/styles/normal_size/public/articles/post-5511e.jpg]
[previewthemes.com/charityplus/sites/default/files/styles/normal_size/public/articles/post-40ed7.jpg]
[previewthemes.com/charityplus/sites/default/files/styles/normal_size/public/articles/post-301b3.jpg]
[previewthemes.com/charityplus/blogs-list2679.html]
[previewthemes.com/charityplus/sites/default/files/styles/normal_size/public/articles/post-25d0e.jpg]
[previewthemes.com/charityplus/sites/default/files/styles/normal_size/public/articles/post-12aed.jpg]
[previewthemes.com/charityplus/blogs-list4658.html]
[previewthemes.com/charityplus/blogs-masonry02e4.html]
[previewthemes.com/charityplus/blogs-masonry2679.html]
[previewthemes.com/charityplus/node/103.html]
[previewthemes.com/charityplus/node/104.html]
[previewthemes.com/charityplus/product/themes/custom/gavias_charityplus/css/custom.html]
[previewthemes.com/charityplus/product/themes/custom/gavias_charityplus/css/update.html]
[previewthemes.com/charityplus/product/'/charityplus/themes/custom/gavias_charityplus/images/breadcrumb.html]
[previewthemes.com/charityplus/taxonomy/term/16/feed]
[previewthemes.com/charityplus/taxonomy/term/16.html]
[previewthemes.com/charityplus/node/70.html]
[previewthemes.com/charityplus/node/6.html]
[previewthemes.com/charityplus/node/71.html]
[previewthemes.com/charityplus/team-grid2679.html]
[previewthemes.com/charityplus/node/30.html]
[previewthemes.com/charityplus/sites/default/files/portfolio/portfolio-12.jpg]
[previewthemes.com/charityplus/lowpoly-social/index.html]
[previewthemes.com/charityplus/lowpoly-social02e4.html]
[previewthemes.com/charityplus/lowpoly-social.html]
[previewthemes.com/charityplus/lowpoly-social2679.html]
[previewthemes.com/charityplus/taxonomy/term/12/feed]
[previewthemes.com/charityplus/summer.html]
[previewthemes.com/charityplus/sites/default/files/styles/square/public/portfolio/portfolio-3b9d8.jpg]
[previewthemes.com/charityplus/taxonomy/term/12.html]
[previewthemes.com/charityplus/node/29.html]
[previewthemes.com/charityplus/sites/default/files/portfolio/portfolio-11.jpg]
[previewthemes.com/charityplus/special-bikes02e4.html]
[previewthemes.com/charityplus/special-bikes/index.html]
[previewthemes.com/charityplus/special-bikes.html]
[previewthemes.com/charityplus/special-bikes2679.html]
[previewthemes.com/charityplus/taxonomy/term/14/feed]
[previewthemes.com/charityplus/moderats-eloquenti.html]
[previewthemes.com/charityplus/sites/default/files/styles/square/public/portfolio/portfolio-114ad.jpg]
[previewthemes.com/charityplus/taxonomy/term/14.html]
[previewthemes.com/charityplus/node/28.html]
[previewthemes.com/charityplus/sites/default/files/portfolio/portfolio-10.jpg]
[previewthemes.com/charityplus/mobile-weather-app02e4.html]
[previewthemes.com/charityplus/mobile-weather-app/index.html]
[previewthemes.com/charityplus/mobile-weather-app.html]
[previewthemes.com/charityplus/mobile-weather-app2679.html]
[previewthemes.com/charityplus/node/27.html]
[previewthemes.com/charityplus/sites/default/files/portfolio/portfolio-9.jpg]
[previewthemes.com/charityplus/mountain-drift02e4.html]
[previewthemes.com/charityplus/mountain-drift/index.html]
[previewthemes.com/charityplus/mountain-drift.html]
[previewthemes.com/charityplus/mountain-drift2679.html]
[previewthemes.com/charityplus/taxonomy/term/13/feed]
[previewthemes.com/charityplus/flippin-bird.html]
[previewthemes.com/charityplus/sites/default/files/styles/square/public/portfolio/portfolio-24cf4.jpg]
[previewthemes.com/charityplus/taxonomy/term/13.html]
[previewthemes.com/charityplus/node/26.html]
[previewthemes.com/charityplus/sites/default/files/portfolio/portfolio-8.jpg]
[previewthemes.com/charityplus/business-card-002e4.html]
[previewthemes.com/charityplus/business-card-0/index.html]
[previewthemes.com/charityplus/business-card-0.html]
[previewthemes.com/charityplus/business-card-02679.html]
[previewthemes.com/charityplus/taxonomy/term/11/feed]
[previewthemes.com/charityplus/taxonomy/term/11.html]
[previewthemes.com/charityplus/node/25.html]
[previewthemes.com/charityplus/sites/default/files/portfolio/portfolio-7.jpg]
[previewthemes.com/charityplus/application-mobile02e4.html]
[previewthemes.com/charityplus/application-mobile/index.html]
[previewthemes.com/charityplus/application-mobile.html]
[previewthemes.com/charityplus/application-mobile2679.html]
[previewthemes.com/charityplus/node/24.html]
[previewthemes.com/charityplus/sites/default/files/portfolio/portfolio-6.jpg]
[previewthemes.com/charityplus/sites/default/files/portfolio/portfolio-2_0.jpg]
[previewthemes.com/charityplus/sites/default/files/portfolio/portfolio-8_0.jpg]
[previewthemes.com/charityplus/business-card-red02e4.html]
[previewthemes.com/charityplus/business-card-red/index.html]
[previewthemes.com/charityplus/business-card-red.html]
[previewthemes.com/charityplus/business-card-red2679.html]
[previewthemes.com/charityplus/node/23.html]
[previewthemes.com/charityplus/sites/default/files/portfolio/portfolio-5.jpg]
[previewthemes.com/charityplus/box-ext-content02e4.html]
[previewthemes.com/charityplus/box-ext-content/index.html]
[previewthemes.com/charityplus/box-ext-content.html]
[previewthemes.com/charityplus/box-ext-content2679.html]
[previewthemes.com/charityplus/node/22.html]
[previewthemes.com/charityplus/sites/default/files/portfolio/portfolio-4.jpg]
[previewthemes.com/charityplus/business-card/index.html]
[previewthemes.com/charityplus/business-card02e4.html]
[previewthemes.com/charityplus/business-card.html]
[previewthemes.com/charityplus/portfolio2679.html]
[previewthemes.com/charityplus/node/73.html]
[previewthemes.com/charityplus/node/74.html]
[previewthemes.com/charityplus/node/75.html]
[previewthemes.com/charityplus/node/77.html]
[previewthemes.com/charityplus/sites/default/files/css/css_UNOk9fFb7UWbrMj2XrUad7T8hilQRCpfvXZUQb4OasY.css]
[previewthemes.com/charityplus/node/83.html]
[previewthemes.com/charityplus/node/81.html]
[previewthemes.com/charityplus/node/79.html]
[previewthemes.com/charityplus/node/78.html]
[previewthemes.com/charityplus/node/76.html]
[previewthemes.com/charityplus/node/80.html]
[previewthemes.com/charityplus/sites/default/files/gbb-uploads/banner-tab1.html]
[previewthemes.com/charityplus/sites/default/files/gbb-uploads/banner-tab2.html]
[previewthemes.com/charityplus/sites/default/files/gbb-uploads/banner-tab3.html]
[previewthemes.com/charityplus/node/82.html]
[previewthemes.com/charityplus/node/96.html]
[previewthemes.com/charityplus/node/97.html]
[previewthemes.com/charityplus/sites/default/files/gbb-uploads/map.html]
[previewthemes.com/charityplus/node/98.html]
[previewthemes.com/charityplus/node/99.html]
[previewthemes.com/charityplus/node/100.html]
[previewthemes.com/charityplus/node/101.html]
[previewthemes.com/charityplus/node/102.html]
[previewthemes.com/charityplus/business-card2679.html]
[previewthemes.com/charityplus/sites/default/files/css/css_gTRS2fFdWcC2apscNNFmUeoi4n4qEu8mB-h_PxtrlZ8.css]
[previewthemes.com/charityplus/modules/contrib/webform/images/icons/info.svg]
[previewthemes.com/charityplus/taxonomy/term/15/feed]
[previewthemes.com/charityplus/taxonomy/term/15.html]
[previewthemes.com/charityplus/taxonomy/term/18/feed]
[previewthemes.com/charityplus/taxonomy/term/18.html]
[previewthemes.com/charityplus/taxonomy/term/17/feed]
[previewthemes.com/charityplus/taxonomy/term/17.html]
[previewthemes.com/charityplus/node/1802e4.html]
[previewthemes.com/charityplus/node/18.html]
[previewthemes.com/charityplus/node/182679.html]
[previewthemes.com/charityplus/pick-device-actually-suits-your-needs/themes/custom/gavias_charityplus/css/custom.css]
[previewthemes.com/charityplus/pick-device-actually-suits-your-needs/themes/custom/gavias_charityplus/css/update.css]
[previewthemes.com/charityplus/pick-device-actually-suits-your-needs/'/charityplus/themes/custom/gavias_charityplus/images/breadcrumb.jpg']
[previewthemes.com/charityplus/pick-device-actually-suits-your-needs/index.html]
[previewthemes.com/charityplus/pick-device-actually-suits-your-needs02e4.html]
[previewthemes.com/charityplus/pick-device-actually-suits-your-needs/index2679.html]
[previewthemes.com/charityplus/product/7.html]
[previewthemes.com/charityplus/pick-device-actually-suits-your-needs/index02e4.html]
[previewthemes.com/charityplus/sites/default/files/styles/medium/public/campaigns/donation-6853e.jpg]
[previewthemes.com/charityplus/product/8.html]
[previewthemes.com/charityplus/sites/default/files/styles/medium/public/campaigns/donation-9f8b8.jpg]
[previewthemes.com/charityplus/product/9.html]
[previewthemes.com/charityplus/sites/default/files/styles/medium/public/campaigns/donation-56a78.jpg]
[previewthemes.com/charityplus/pick-device-actually-suits-your-needs2679.html]
[previewthemes.com/charityplus/user/1.html]
[previewthemes.com/charityplus/user/loginf362.html]
[previewthemes.com/charityplus/user/registerf362.html]
[previewthemes.com/charityplus/taxonomy/term/themes/custom/gavias_charityplus/css/custom.html]
[previewthemes.com/charityplus/taxonomy/term/themes/custom/gavias_charityplus/css/update.html]
[previewthemes.com/charityplus/taxonomy/term/'/charityplus/themes/custom/gavias_charityplus/images/breadcrumb.html]
[previewthemes.com/charityplus/product/10.html]
[previewthemes.com/charityplus/node/12.html]
[previewthemes.com/charityplus/sites/default/files/articles/post-6.jpg]
[previewthemes.com/charityplus/record-number-robots-were-employed-2018/index.html]
[previewthemes.com/charityplus/record-number-robots-were-employed-201802e4.html]
[previewthemes.com/charityplus/record-number-robots-were-employed-20182679.html]
[previewthemes.com/charityplus/user/login0b30.html]
[previewthemes.com/charityplus/record-number-robots-were-employed-2018.html]
[previewthemes.com/charityplus/user/register0b30.html]
[previewthemes.com/charityplus/node/1702e4.html]
[previewthemes.com/charityplus/node/17.html]
[previewthemes.com/charityplus/node/172679.html]
[previewthemes.com/charityplus/what-average-office-worker-will-look-20-years/themes/custom/gavias_charityplus/css/custom.css]
[previewthemes.com/charityplus/what-average-office-worker-will-look-20-years/themes/custom/gavias_charityplus/css/update.css]
[previewthemes.com/charityplus/what-average-office-worker-will-look-20-years/'/charityplus/themes/custom/gavias_charityplus/images/breadcrumb.jpg']
[previewthemes.com/charityplus/what-average-office-worker-will-look-20-years/index.html]
[previewthemes.com/charityplus/what-average-office-worker-will-look-20-years02e4.html]
[previewthemes.com/charityplus/what-average-office-worker-will-look-20-years2679.html]
[previewthemes.com/charityplus/user/login48b4.html]
[previewthemes.com/charityplus/user/register48b4.html]
[previewthemes.com/charityplus/what-average-office-worker-will-look-20-years/index02e4.html]
[previewthemes.com/charityplus/what-average-office-worker-will-look-20-years/index2679.html]
[previewthemes.com/charityplus/node/1602e4.html]
[previewthemes.com/charityplus/node/16.html]
[previewthemes.com/charityplus/node/162679.html]
[previewthemes.com/charityplus/one-new-years-resolution-will-improve/themes/custom/gavias_charityplus/css/custom.css]
[previewthemes.com/charityplus/one-new-years-resolution-will-improve/themes/custom/gavias_charityplus/css/update.css]
[previewthemes.com/charityplus/one-new-years-resolution-will-improve/'/charityplus/themes/custom/gavias_charityplus/images/breadcrumb.jpg']
[previewthemes.com/charityplus/one-new-years-resolution-will-improve/index.html]
[previewthemes.com/charityplus/one-new-years-resolution-will-improve02e4.html]
[previewthemes.com/charityplus/one-new-years-resolution-will-improve2679.html]
[previewthemes.com/charityplus/user/logineaaa.html]
[previewthemes.com/charityplus/user/registereaaa.html]
[previewthemes.com/charityplus/one-new-years-resolution-will-improve/index02e4.html]
[previewthemes.com/charityplus/one-new-years-resolution-will-improve/index2679.html]
[previewthemes.com/charityplus/node/11.html]
[previewthemes.com/charityplus/sites/default/files/articles/post-5.jpg]
[previewthemes.com/charityplus/top-50-questions-ask-your-school-counselor02e4.html]
[previewthemes.com/charityplus/top-50-questions-ask-your-school-counselor/index.html]
[previewthemes.com/charityplus/top-50-questions-ask-your-school-counselor2679.html]
[previewthemes.com/charityplus/user/logind044.html]
[previewthemes.com/charityplus/top-50-questions-ask-your-school-counselor.html]
[previewthemes.com/charityplus/user/registerd044.html]
[previewthemes.com/charityplus/node/7.html]
[previewthemes.com/charityplus/sites/default/files/articles/post-1.jpg]
[previewthemes.com/charityplus/content-social-hybrid-marketing-strategy-pearson-brown02e4.html]
[previewthemes.com/charityplus/content-social-hybrid-marketing-strategy-pearson-brown/index.html]
[previewthemes.com/charityplus/content-social-hybrid-marketing-strategy-pearson-brown2679.html]
[previewthemes.com/charityplus/user/login5d8e.html]
[previewthemes.com/charityplus/content-social-hybrid-marketing-strategy-pearson-brown.html]
[previewthemes.com/charityplus/user/register5d8e.html]
[previewthemes.com/charityplus/node/1502e4.html]
[previewthemes.com/charityplus/node/15.html]
[previewthemes.com/charityplus/node/152679.html]
[previewthemes.com/charityplus/higher-education-germany-welcome-center-germany/themes/custom/gavias_charityplus/css/custom.css]
[previewthemes.com/charityplus/higher-education-germany-welcome-center-germany/themes/custom/gavias_charityplus/css/update.css]
[previewthemes.com/charityplus/higher-education-germany-welcome-center-germany/'/charityplus/themes/custom/gavias_charityplus/images/breadcrumb.jpg']
[previewthemes.com/charityplus/higher-education-germany-welcome-center-germany/index.html]
[previewthemes.com/charityplus/higher-education-germany-welcome-center-germany02e4.html]
[previewthemes.com/charityplus/higher-education-germany-welcome-center-germany2679.html]
[previewthemes.com/charityplus/user/loginfdbd.html]
[previewthemes.com/charityplus/user/registerfdbd.html]
[previewthemes.com/charityplus/higher-education-germany-welcome-center-germany/index02e4.html]
[previewthemes.com/charityplus/higher-education-germany-welcome-center-germany/index2679.html]
[previewthemes.com/charityplus/node/10.html]
[previewthemes.com/charityplus/sites/default/files/articles/post-4.jpg]
[previewthemes.com/charityplus/roman-book-classical-literature-and-society02e4.html]
[previewthemes.com/charityplus/roman-book-classical-literature-and-society/index.html]
[previewthemes.com/charityplus/roman-book-classical-literature-and-society2679.html]
[previewthemes.com/charityplus/user/logina25c.html]
[previewthemes.com/charityplus/roman-book-classical-literature-and-society.html]
[previewthemes.com/charityplus/node/'/charityplus/themes/custom/gavias_charityplus/images/breadcrumb.html]
[previewthemes.com/charityplus/user/registera25c.html]
[previewthemes.com/charityplus/node/8.html]
[previewthemes.com/charityplus/sites/default/files/articles/post-2.jpg]
[previewthemes.com/charityplus/how-do-i-know-if-business-finance-loans-are-right-me02e4.html]
[previewthemes.com/charityplus/how-do-i-know-if-business-finance-loans-are-right-me/index.html]
[previewthemes.com/charityplus/how-do-i-know-if-business-finance-loans-are-right-me2679.html]
[previewthemes.com/charityplus/user/logind71d.html]
[previewthemes.com/charityplus/how-do-i-know-if-business-finance-loans-are-right-me.html]
[previewthemes.com/charityplus/user/registerd71d.html]
[previewthemes.com/charityplus/node/9.html]
[previewthemes.com/charityplus/sites/default/files/articles/post-3.jpg]
[previewthemes.com/charityplus/best-monitors-mac-mini-digital-trends02e4.html]
[previewthemes.com/charityplus/best-monitors-mac-mini-digital-trends/index.html]
[previewthemes.com/charityplus/best-monitors-mac-mini-digital-trends2679.html]
[previewthemes.com/charityplus/user/loginc8d5.html]
[previewthemes.com/charityplus/best-monitors-mac-mini-digital-trends.html]
[previewthemes.com/charityplus/user/registerc8d5.html]
[previewthemes.com/charityplus/node/1402e4.html]
[previewthemes.com/charityplus/node/14.html]
[previewthemes.com/charityplus/node/142679.html]
[previewthemes.com/charityplus/15-simple-ways-become-more-productive-person/themes/custom/gavias_charityplus/css/custom.css]
[previewthemes.com/charityplus/15-simple-ways-become-more-productive-person/themes/custom/gavias_charityplus/css/update.css]
[previewthemes.com/charityplus/15-simple-ways-become-more-productive-person/'/charityplus/themes/custom/gavias_charityplus/images/breadcrumb.jpg']
[previewthemes.com/charityplus/15-simple-ways-become-more-productive-person/index.html]
[previewthemes.com/charityplus/15-simple-ways-become-more-productive-person02e4.html]
[previewthemes.com/charityplus/15-simple-ways-become-more-productive-person2679.html]
[previewthemes.com/charityplus/user/login0c23.html]
[previewthemes.com/charityplus/user/register0c23.html]
[previewthemes.com/charityplus/15-simple-ways-become-more-productive-person/index02e4.html]
[previewthemes.com/charityplus/15-simple-ways-become-more-productive-person/index2679.html]
[previewthemes.com/charityplus/node/1302e4.html]
[previewthemes.com/charityplus/node/13.html]
[previewthemes.com/charityplus/node/132679.html]
[previewthemes.com/charityplus/xiaomi-mijia-smart-ip-camera-review-where-buy-2020/themes/custom/gavias_charityplus/css/custom.css]
[previewthemes.com/charityplus/xiaomi-mijia-smart-ip-camera-review-where-buy-2020/themes/custom/gavias_charityplus/css/update.css]
[previewthemes.com/charityplus/xiaomi-mijia-smart-ip-camera-review-where-buy-2020/'/charityplus/themes/custom/gavias_charityplus/images/breadcrumb.jpg']
[previewthemes.com/charityplus/xiaomi-mijia-smart-ip-camera-review-where-buy-2020/index.html]
[previewthemes.com/charityplus/xiaomi-mijia-smart-ip-camera-review-where-buy-202002e4.html]
[previewthemes.com/charityplus/xiaomi-mijia-smart-ip-camera-review-where-buy-20202679.html]
[previewthemes.com/charityplus/user/login7bff.html]
[previewthemes.com/charityplus/user/register7bff.html]
[previewthemes.com/charityplus/xiaomi-mijia-smart-ip-camera-review-where-buy-2020/index2679.html]
[previewthemes.com/charityplus/xiaomi-mijia-smart-ip-camera-review-where-buy-2020/index02e4.html]
[previewthemes.com/charityplus/node/3002e4.html]
[previewthemes.com/charityplus/node/30.html]
[previewthemes.com/charityplus/node/302679.html]
[previewthemes.com/charityplus/lowpoly-social/themes/custom/gavias_charityplus/css/custom.css]
[previewthemes.com/charityplus/lowpoly-social/themes/custom/gavias_charityplus/css/update.css]
[previewthemes.com/charityplus/lowpoly-social/'/charityplus/themes/custom/gavias_charityplus/images/breadcrumb.jpg']
[previewthemes.com/charityplus/lowpoly-social/index.html]
[previewthemes.com/charityplus/lowpoly-social02e4.html]
[previewthemes.com/charityplus/lowpoly-social2679.html]
[previewthemes.com/charityplus/lowpoly-social/index02e4.html]
[previewthemes.com/charityplus/lowpoly-social/index2679.html]
[previewthemes.com/charityplus/node/21.html]
[previewthemes.com/charityplus/sites/default/files/portfolio/portfolio-3.jpg]
[previewthemes.com/charityplus/summer/index.html]
[previewthemes.com/charityplus/summer02e4.html]
[previewthemes.com/charityplus/summer.html]
[previewthemes.com/charityplus/summer2679.html]
[previewthemes.com/charityplus/node/2902e4.html]
[previewthemes.com/charityplus/node/29.html]
[previewthemes.com/charityplus/node/292679.html]
[previewthemes.com/charityplus/special-bikes/themes/custom/gavias_charityplus/css/custom.css]
[previewthemes.com/charityplus/special-bikes/themes/custom/gavias_charityplus/css/update.css]
[previewthemes.com/charityplus/special-bikes/'/charityplus/themes/custom/gavias_charityplus/images/breadcrumb.jpg']
[previewthemes.com/charityplus/special-bikes/index.html]
[previewthemes.com/charityplus/special-bikes02e4.html]
[previewthemes.com/charityplus/special-bikes2679.html]
[previewthemes.com/charityplus/special-bikes/index2679.html]
[previewthemes.com/charityplus/special-bikes/index02e4.html]
[previewthemes.com/charityplus/node/19.html]
[previewthemes.com/charityplus/sites/default/files/portfolio/portfolio-1.jpg]
[previewthemes.com/charityplus/moderats-eloquenti02e4.html]
[previewthemes.com/charityplus/moderats-eloquenti/index.html]
[previewthemes.com/charityplus/moderats-eloquenti.html]
[previewthemes.com/charityplus/moderats-eloquenti2679.html]
[previewthemes.com/charityplus/node/2802e4.html]
[previewthemes.com/charityplus/node/28.html]
[previewthemes.com/charityplus/node/282679.html]
[previewthemes.com/charityplus/mobile-weather-app/themes/custom/gavias_charityplus/css/custom.css]
[previewthemes.com/charityplus/mobile-weather-app/themes/custom/gavias_charityplus/css/update.css]
[previewthemes.com/charityplus/mobile-weather-app/'/charityplus/themes/custom/gavias_charityplus/images/breadcrumb.jpg']
[previewthemes.com/charityplus/mobile-weather-app/index.html]
[previewthemes.com/charityplus/mobile-weather-app02e4.html]
[previewthemes.com/charityplus/mobile-weather-app2679.html]
[previewthemes.com/charityplus/mobile-weather-app/index2679.html]
[previewthemes.com/charityplus/mobile-weather-app/index02e4.html]
[previewthemes.com/charityplus/node/2702e4.html]
[previewthemes.com/charityplus/node/27.html]
[previewthemes.com/charityplus/node/272679.html]
[previewthemes.com/charityplus/mountain-drift/themes/custom/gavias_charityplus/css/custom.css]
[previewthemes.com/charityplus/mountain-drift/themes/custom/gavias_charityplus/css/update.css]
[previewthemes.com/charityplus/mountain-drift/'/charityplus/themes/custom/gavias_charityplus/images/breadcrumb.jpg']
[previewthemes.com/charityplus/mountain-drift/index.html]
[previewthemes.com/charityplus/mountain-drift02e4.html]
[previewthemes.com/charityplus/mountain-drift2679.html]
[previewthemes.com/charityplus/mountain-drift/index2679.html]
[previewthemes.com/charityplus/mountain-drift/index02e4.html]
[previewthemes.com/charityplus/node/20.html]
[previewthemes.com/charityplus/sites/default/files/portfolio/portfolio-2.jpg]
[previewthemes.com/charityplus/flippin-bird/index.html]
[previewthemes.com/charityplus/flippin-bird02e4.html]
[previewthemes.com/charityplus/flippin-bird.html]
[previewthemes.com/charityplus/flippin-bird2679.html]
[previewthemes.com/charityplus/node/2602e4.html]
[previewthemes.com/charityplus/node/26.html]
[previewthemes.com/charityplus/node/262679.html]
[previewthemes.com/charityplus/business-card-0/themes/custom/gavias_charityplus/css/custom.css]
[previewthemes.com/charityplus/business-card-0/themes/custom/gavias_charityplus/css/update.css]
[previewthemes.com/charityplus/business-card-0/'/charityplus/themes/custom/gavias_charityplus/images/breadcrumb.jpg']
[previewthemes.com/charityplus/business-card-0/index.html]
[previewthemes.com/charityplus/business-card-002e4.html]
[previewthemes.com/charityplus/business-card-02679.html]
[previewthemes.com/charityplus/business-card-0/index02e4.html]
[previewthemes.com/charityplus/business-card-0/index2679.html]
[previewthemes.com/charityplus/node/2502e4.html]
[previewthemes.com/charityplus/node/25.html]
[previewthemes.com/charityplus/node/252679.html]
[previewthemes.com/charityplus/application-mobile/themes/custom/gavias_charityplus/css/custom.css]
[previewthemes.com/charityplus/application-mobile/themes/custom/gavias_charityplus/css/update.css]
[previewthemes.com/charityplus/application-mobile/'/charityplus/themes/custom/gavias_charityplus/images/breadcrumb.jpg']
[previewthemes.com/charityplus/application-mobile/index.html]
[previewthemes.com/charityplus/application-mobile02e4.html]
[previewthemes.com/charityplus/application-mobile2679.html]
[previewthemes.com/charityplus/application-mobile/index02e4.html]
[previewthemes.com/charityplus/application-mobile/index2679.html]
[previewthemes.com/charityplus/node/2402e4.html]
[previewthemes.com/charityplus/node/24.html]
[previewthemes.com/charityplus/node/242679.html]
[previewthemes.com/charityplus/business-card-red/themes/custom/gavias_charityplus/css/custom.css]
[previewthemes.com/charityplus/business-card-red/themes/custom/gavias_charityplus/css/update.css]
[previewthemes.com/charityplus/business-card-red/'/charityplus/themes/custom/gavias_charityplus/images/breadcrumb.jpg']
[previewthemes.com/charityplus/business-card-red/index.html]
[previewthemes.com/charityplus/business-card-red02e4.html]
[previewthemes.com/charityplus/business-card-red2679.html]
[previewthemes.com/charityplus/business-card-red/index2679.html]
[previewthemes.com/charityplus/business-card-red/index02e4.html]
[previewthemes.com/charityplus/node/2302e4.html]
[previewthemes.com/charityplus/node/23.html]
[previewthemes.com/charityplus/node/232679.html]
[previewthemes.com/charityplus/box-ext-content/themes/custom/gavias_charityplus/css/custom.css]
[previewthemes.com/charityplus/box-ext-content/themes/custom/gavias_charityplus/css/update.css]
[previewthemes.com/charityplus/box-ext-content/'/charityplus/themes/custom/gavias_charityplus/images/breadcrumb.jpg']
[previewthemes.com/charityplus/box-ext-content/index.html]
[previewthemes.com/charityplus/box-ext-content02e4.html]
[previewthemes.com/charityplus/box-ext-content2679.html]
[previewthemes.com/charityplus/box-ext-content/index2679.html]
[previewthemes.com/charityplus/box-ext-content/index02e4.html]
[previewthemes.com/charityplus/node/2202e4.html]
[previewthemes.com/charityplus/node/22.html]
[previewthemes.com/charityplus/node/222679.html]
[previewthemes.com/charityplus/business-card/themes/custom/gavias_charityplus/css/custom.css]
[previewthemes.com/charityplus/business-card/themes/custom/gavias_charityplus/css/update.css]
[previewthemes.com/charityplus/business-card/'/charityplus/themes/custom/gavias_charityplus/images/breadcrumb.jpg']
[previewthemes.com/charityplus/business-card/index.html]
[previewthemes.com/charityplus/business-card02e4.html]
[previewthemes.com/charityplus/business-card2679.html]
[previewthemes.com/charityplus/modules/contrib/webform/images/icons/info.svg]
[previewthemes.com/charityplus/node/1802e4.html]
[previewthemes.com/charityplus/node/182679.html]
[previewthemes.com/charityplus/pick-device-actually-suits-your-needs/themes/custom/gavias_charityplus/css/custom.html]
[previewthemes.com/charityplus/pick-device-actually-suits-your-needs/themes/custom/gavias_charityplus/css/update.html]
[previewthemes.com/charityplus/pick-device-actually-suits-your-needs/'/charityplus/themes/custom/gavias_charityplus/images/breadcrumb.html]
[previewthemes.com/charityplus/pick-device-actually-suits-your-needs/index02e4.html]
[previewthemes.com/charityplus/pick-device-actually-suits-your-needs/index2679.html]
[previewthemes.com/charityplus/product/7.html]
[previewthemes.com/charityplus/product/8.html]
[previewthemes.com/charityplus/product/9.html]
[previewthemes.com/charityplus/product/10.html]
[previewthemes.com/charityplus/business-card/index02e4.html]
[previewthemes.com/charityplus/business-card/index2679.html]
[previewthemes.com/charityplus/node/1202e4.html]
[previewthemes.com/charityplus/node/12.html]
[previewthemes.com/charityplus/node/122679.html]
[previewthemes.com/charityplus/record-number-robots-were-employed-2018/themes/custom/gavias_charityplus/css/custom.css]
[previewthemes.com/charityplus/record-number-robots-were-employed-2018/themes/custom/gavias_charityplus/css/update.css]
[previewthemes.com/charityplus/record-number-robots-were-employed-2018/'/charityplus/themes/custom/gavias_charityplus/images/breadcrumb.jpg']
[previewthemes.com/charityplus/record-number-robots-were-employed-2018/index.html]
[previewthemes.com/charityplus/record-number-robots-were-employed-201802e4.html]
[previewthemes.com/charityplus/record-number-robots-were-employed-20182679.html]
[previewthemes.com/charityplus/user/login0b30.html]
[previewthemes.com/charityplus/user/register0b30.html]
[previewthemes.com/charityplus/node/1702e4.html]
[previewthemes.com/charityplus/node/172679.html]
[previewthemes.com/charityplus/what-average-office-worker-will-look-20-years/themes/custom/gavias_charityplus/css/custom.html]
[previewthemes.com/charityplus/what-average-office-worker-will-look-20-years/themes/custom/gavias_charityplus/css/update.html]
[previewthemes.com/charityplus/what-average-office-worker-will-look-20-years/'/charityplus/themes/custom/gavias_charityplus/images/breadcrumb.html]
[previewthemes.com/charityplus/what-average-office-worker-will-look-20-years/index02e4.html]
[previewthemes.com/charityplus/what-average-office-worker-will-look-20-years/index2679.html]
[previewthemes.com/charityplus/node/1602e4.html]
[previewthemes.com/charityplus/node/162679.html]
[previewthemes.com/charityplus/one-new-years-resolution-will-improve/themes/custom/gavias_charityplus/css/custom.html]
[previewthemes.com/charityplus/one-new-years-resolution-will-improve/themes/custom/gavias_charityplus/css/update.html]
[previewthemes.com/charityplus/one-new-years-resolution-will-improve/'/charityplus/themes/custom/gavias_charityplus/images/breadcrumb.html]
[previewthemes.com/charityplus/one-new-years-resolution-will-improve/index02e4.html]
[previewthemes.com/charityplus/one-new-years-resolution-will-improve/index2679.html]
[previewthemes.com/charityplus/record-number-robots-were-employed-2018/index02e4.html]
[previewthemes.com/charityplus/record-number-robots-were-employed-2018/index2679.html]
[previewthemes.com/charityplus/node/1102e4.html]
[previewthemes.com/charityplus/node/11.html]
[previewthemes.com/charityplus/node/112679.html]
[previewthemes.com/charityplus/top-50-questions-ask-your-school-counselor/themes/custom/gavias_charityplus/css/custom.css]
[previewthemes.com/charityplus/top-50-questions-ask-your-school-counselor/themes/custom/gavias_charityplus/css/update.css]
[previewthemes.com/charityplus/top-50-questions-ask-your-school-counselor/'/charityplus/themes/custom/gavias_charityplus/images/breadcrumb.jpg']
[previewthemes.com/charityplus/top-50-questions-ask-your-school-counselor/index.html]
[previewthemes.com/charityplus/top-50-questions-ask-your-school-counselor02e4.html]
[previewthemes.com/charityplus/top-50-questions-ask-your-school-counselor2679.html]
[previewthemes.com/charityplus/user/logind044.html]
[previewthemes.com/charityplus/user/registerd044.html]
[previewthemes.com/charityplus/top-50-questions-ask-your-school-counselor/index02e4.html]
[previewthemes.com/charityplus/top-50-questions-ask-your-school-counselor/index2679.html]
[previewthemes.com/charityplus/node/702e4.html]
[previewthemes.com/charityplus/node/7.html]
[previewthemes.com/charityplus/node/72679.html]
[previewthemes.com/charityplus/content-social-hybrid-marketing-strategy-pearson-brown/themes/custom/gavias_charityplus/css/custom.css]
[previewthemes.com/charityplus/content-social-hybrid-marketing-strategy-pearson-brown/themes/custom/gavias_charityplus/css/update.css]
[previewthemes.com/charityplus/content-social-hybrid-marketing-strategy-pearson-brown/'/charityplus/themes/custom/gavias_charityplus/images/breadcrumb.jpg']
[previewthemes.com/charityplus/content-social-hybrid-marketing-strategy-pearson-brown/index.html]
[previewthemes.com/charityplus/content-social-hybrid-marketing-strategy-pearson-brown02e4.html]
[previewthemes.com/charityplus/content-social-hybrid-marketing-strategy-pearson-brown2679.html]
[previewthemes.com/charityplus/user/login5d8e.html]
[previewthemes.com/charityplus/user/register5d8e.html]
[previewthemes.com/charityplus/node/1502e4.html]
[previewthemes.com/charityplus/node/152679.html]
[previewthemes.com/charityplus/higher-education-germany-welcome-center-germany/themes/custom/gavias_charityplus/css/custom.html]
[previewthemes.com/charityplus/higher-education-germany-welcome-center-germany/themes/custom/gavias_charityplus/css/update.html]
[previewthemes.com/charityplus/higher-education-germany-welcome-center-germany/'/charityplus/themes/custom/gavias_charityplus/images/breadcrumb.html]
[previewthemes.com/charityplus/higher-education-germany-welcome-center-germany/index02e4.html]
[previewthemes.com/charityplus/higher-education-germany-welcome-center-germany/index2679.html]
[previewthemes.com/charityplus/content-social-hybrid-marketing-strategy-pearson-brown/index02e4.html]
[previewthemes.com/charityplus/content-social-hybrid-marketing-strategy-pearson-brown/index2679.html]
[previewthemes.com/charityplus/node/1002e4.html]
[previewthemes.com/charityplus/node/10.html]
[previewthemes.com/charityplus/node/102679.html]
[previewthemes.com/charityplus/roman-book-classical-literature-and-society/themes/custom/gavias_charityplus/css/custom.css]
[previewthemes.com/charityplus/roman-book-classical-literature-and-society/themes/custom/gavias_charityplus/css/update.css]
[previewthemes.com/charityplus/roman-book-classical-literature-and-society/'/charityplus/themes/custom/gavias_charityplus/images/breadcrumb.jpg']
[previewthemes.com/charityplus/roman-book-classical-literature-and-society/index.html]
[previewthemes.com/charityplus/roman-book-classical-literature-and-society02e4.html]
[previewthemes.com/charityplus/roman-book-classical-literature-and-society2679.html]
[previewthemes.com/charityplus/user/logina25c.html]
[previewthemes.com/charityplus/user/registera25c.html]
[previewthemes.com/charityplus/roman-book-classical-literature-and-society/index02e4.html]
[previewthemes.com/charityplus/roman-book-classical-literature-and-society/index2679.html]
[previewthemes.com/charityplus/node/802e4.html]
[previewthemes.com/charityplus/node/8.html]
[previewthemes.com/charityplus/node/82679.html]
[previewthemes.com/charityplus/how-do-i-know-if-business-finance-loans-are-right-me/themes/custom/gavias_charityplus/css/custom.css]
[previewthemes.com/charityplus/how-do-i-know-if-business-finance-loans-are-right-me/themes/custom/gavias_charityplus/css/update.css]
[previewthemes.com/charityplus/how-do-i-know-if-business-finance-loans-are-right-me/'/charityplus/themes/custom/gavias_charityplus/images/breadcrumb.jpg']
[previewthemes.com/charityplus/how-do-i-know-if-business-finance-loans-are-right-me/index.html]
[previewthemes.com/charityplus/how-do-i-know-if-business-finance-loans-are-right-me02e4.html]
[previewthemes.com/charityplus/how-do-i-know-if-business-finance-loans-are-right-me2679.html]
[previewthemes.com/charityplus/user/logind71d.html]
[previewthemes.com/charityplus/user/registerd71d.html]
[previewthemes.com/charityplus/how-do-i-know-if-business-finance-loans-are-right-me/index2679.html]
[previewthemes.com/charityplus/how-do-i-know-if-business-finance-loans-are-right-me/index02e4.html]
[previewthemes.com/charityplus/node/902e4.html]
[previewthemes.com/charityplus/node/9.html]
[previewthemes.com/charityplus/node/92679.html]
[previewthemes.com/charityplus/best-monitors-mac-mini-digital-trends/themes/custom/gavias_charityplus/css/custom.css]
[previewthemes.com/charityplus/best-monitors-mac-mini-digital-trends/themes/custom/gavias_charityplus/css/update.css]
[previewthemes.com/charityplus/best-monitors-mac-mini-digital-trends/'/charityplus/themes/custom/gavias_charityplus/images/breadcrumb.jpg']
[previewthemes.com/charityplus/best-monitors-mac-mini-digital-trends/index.html]
[previewthemes.com/charityplus/best-monitors-mac-mini-digital-trends02e4.html]
[previewthemes.com/charityplus/best-monitors-mac-mini-digital-trends2679.html]
[previewthemes.com/charityplus/user/loginc8d5.html]
[previewthemes.com/charityplus/user/registerc8d5.html]
[previewthemes.com/charityplus/node/1402e4.html]
[previewthemes.com/charityplus/node/142679.html]
[previewthemes.com/charityplus/15-simple-ways-become-more-productive-person/themes/custom/gavias_charityplus/css/custom.html]
[previewthemes.com/charityplus/15-simple-ways-become-more-productive-person/themes/custom/gavias_charityplus/css/update.html]
[previewthemes.com/charityplus/15-simple-ways-become-more-productive-person/'/charityplus/themes/custom/gavias_charityplus/images/breadcrumb.html]
[previewthemes.com/charityplus/15-simple-ways-become-more-productive-person/index02e4.html]
[previewthemes.com/charityplus/15-simple-ways-become-more-productive-person/index2679.html]
[previewthemes.com/charityplus/node/1302e4.html]
[previewthemes.com/charityplus/node/132679.html]
[previewthemes.com/charityplus/xiaomi-mijia-smart-ip-camera-review-where-buy-2020/themes/custom/gavias_charityplus/css/custom.html]
[previewthemes.com/charityplus/xiaomi-mijia-smart-ip-camera-review-where-buy-2020/themes/custom/gavias_charityplus/css/update.html]
[previewthemes.com/charityplus/xiaomi-mijia-smart-ip-camera-review-where-buy-2020/'/charityplus/themes/custom/gavias_charityplus/images/breadcrumb.html]
[previewthemes.com/charityplus/xiaomi-mijia-smart-ip-camera-review-where-buy-2020/index02e4.html]
[previewthemes.com/charityplus/xiaomi-mijia-smart-ip-camera-review-where-buy-2020/index2679.html]
[previewthemes.com/charityplus/node/3002e4.html]
[previewthemes.com/charityplus/node/302679.html]
[previewthemes.com/charityplus/lowpoly-social/themes/custom/gavias_charityplus/css/custom.html]
[previewthemes.com/charityplus/lowpoly-social/themes/custom/gavias_charityplus/css/update.html]
[previewthemes.com/charityplus/lowpoly-social/'/charityplus/themes/custom/gavias_charityplus/images/breadcrumb.html]
[previewthemes.com/charityplus/lowpoly-social/index02e4.html]
[previewthemes.com/charityplus/lowpoly-social/index2679.html]
[previewthemes.com/charityplus/best-monitors-mac-mini-digital-trends/index2679.html]
[previewthemes.com/charityplus/best-monitors-mac-mini-digital-trends/index02e4.html]
[previewthemes.com/charityplus/node/2102e4.html]
[previewthemes.com/charityplus/node/21.html]
[previewthemes.com/charityplus/node/212679.html]
[previewthemes.com/charityplus/summer/themes/custom/gavias_charityplus/css/custom.css]
[previewthemes.com/charityplus/summer/themes/custom/gavias_charityplus/css/update.css]
[previewthemes.com/charityplus/summer/'/charityplus/themes/custom/gavias_charityplus/images/breadcrumb.jpg']
[previewthemes.com/charityplus/summer/index.html]
[previewthemes.com/charityplus/summer02e4.html]
[previewthemes.com/charityplus/summer2679.html]
[previewthemes.com/charityplus/node/2902e4.html]
[previewthemes.com/charityplus/node/292679.html]
[previewthemes.com/charityplus/special-bikes/themes/custom/gavias_charityplus/css/custom.html]
[previewthemes.com/charityplus/special-bikes/themes/custom/gavias_charityplus/css/update.html]
[previewthemes.com/charityplus/special-bikes/'/charityplus/themes/custom/gavias_charityplus/images/breadcrumb.html]
[previewthemes.com/charityplus/special-bikes/index02e4.html]
[previewthemes.com/charityplus/special-bikes/index2679.html]
[previewthemes.com/charityplus/summer/index02e4.html]
[previewthemes.com/charityplus/summer/index2679.html]
[previewthemes.com/charityplus/node/1902e4.html]
[previewthemes.com/charityplus/node/19.html]
[previewthemes.com/charityplus/node/192679.html]
[previewthemes.com/charityplus/moderats-eloquenti/themes/custom/gavias_charityplus/css/custom.css]
[previewthemes.com/charityplus/moderats-eloquenti/themes/custom/gavias_charityplus/css/update.css]
[previewthemes.com/charityplus/moderats-eloquenti/'/charityplus/themes/custom/gavias_charityplus/images/breadcrumb.jpg']
[previewthemes.com/charityplus/moderats-eloquenti/index.html]
[previewthemes.com/charityplus/moderats-eloquenti02e4.html]
[previewthemes.com/charityplus/moderats-eloquenti2679.html]
[previewthemes.com/charityplus/node/2802e4.html]
[previewthemes.com/charityplus/node/282679.html]
[previewthemes.com/charityplus/mobile-weather-app/themes/custom/gavias_charityplus/css/custom.html]
[previewthemes.com/charityplus/mobile-weather-app/themes/custom/gavias_charityplus/css/update.html]
[previewthemes.com/charityplus/mobile-weather-app/'/charityplus/themes/custom/gavias_charityplus/images/breadcrumb.html]
[previewthemes.com/charityplus/mobile-weather-app/index02e4.html]
[previewthemes.com/charityplus/mobile-weather-app/index2679.html]
[previewthemes.com/charityplus/node/2702e4.html]
[previewthemes.com/charityplus/node/272679.html]
[previewthemes.com/charityplus/mountain-drift/themes/custom/gavias_charityplus/css/custom.html]
[previewthemes.com/charityplus/mountain-drift/themes/custom/gavias_charityplus/css/update.html]
[previewthemes.com/charityplus/mountain-drift/'/charityplus/themes/custom/gavias_charityplus/images/breadcrumb.html]
[previewthemes.com/charityplus/mountain-drift/index02e4.html]
[previewthemes.com/charityplus/mountain-drift/index2679.html]
[previewthemes.com/charityplus/moderats-eloquenti/index2679.html]
[previewthemes.com/charityplus/moderats-eloquenti/index02e4.html]
[previewthemes.com/charityplus/node/2002e4.html]
[previewthemes.com/charityplus/node/20.html]
[previewthemes.com/charityplus/node/202679.html]
[previewthemes.com/charityplus/flippin-bird/themes/custom/gavias_charityplus/css/custom.css]
[previewthemes.com/charityplus/flippin-bird/themes/custom/gavias_charityplus/css/update.css]
[previewthemes.com/charityplus/flippin-bird/'/charityplus/themes/custom/gavias_charityplus/images/breadcrumb.jpg']
[previewthemes.com/charityplus/flippin-bird/index.html]
[previewthemes.com/charityplus/flippin-bird02e4.html]
[previewthemes.com/charityplus/flippin-bird2679.html]
[previewthemes.com/charityplus/node/2602e4.html]
[previewthemes.com/charityplus/node/262679.html]
[previewthemes.com/charityplus/business-card-0/themes/custom/gavias_charityplus/css/custom.html]
[previewthemes.com/charityplus/business-card-0/themes/custom/gavias_charityplus/css/update.html]
[previewthemes.com/charityplus/business-card-0/'/charityplus/themes/custom/gavias_charityplus/images/breadcrumb.html]
[previewthemes.com/charityplus/business-card-0/index02e4.html]
[previewthemes.com/charityplus/business-card-0/index2679.html]
[previewthemes.com/charityplus/node/2502e4.html]
[previewthemes.com/charityplus/node/252679.html]
[previewthemes.com/charityplus/application-mobile/themes/custom/gavias_charityplus/css/custom.html]
[previewthemes.com/charityplus/application-mobile/themes/custom/gavias_charityplus/css/update.html]
[previewthemes.com/charityplus/application-mobile/'/charityplus/themes/custom/gavias_charityplus/images/breadcrumb.html]
[previewthemes.com/charityplus/application-mobile/index02e4.html]
[previewthemes.com/charityplus/application-mobile/index2679.html]
[previewthemes.com/charityplus/node/2402e4.html]
[previewthemes.com/charityplus/node/242679.html]
[previewthemes.com/charityplus/business-card-red/themes/custom/gavias_charityplus/css/custom.html]
[previewthemes.com/charityplus/business-card-red/themes/custom/gavias_charityplus/css/update.html]
[previewthemes.com/charityplus/business-card-red/'/charityplus/themes/custom/gavias_charityplus/images/breadcrumb.html]
[previewthemes.com/charityplus/business-card-red/index02e4.html]
[previewthemes.com/charityplus/business-card-red/index2679.html]
[previewthemes.com/charityplus/node/2302e4.html]
[previewthemes.com/charityplus/node/232679.html]
[previewthemes.com/charityplus/box-ext-content/themes/custom/gavias_charityplus/css/custom.html]
[previewthemes.com/charityplus/box-ext-content/themes/custom/gavias_charityplus/css/update.html]
[previewthemes.com/charityplus/box-ext-content/'/charityplus/themes/custom/gavias_charityplus/images/breadcrumb.html]
[previewthemes.com/charityplus/box-ext-content/index02e4.html]
[previewthemes.com/charityplus/box-ext-content/index2679.html]
[previewthemes.com/charityplus/node/2202e4.html]
[previewthemes.com/charityplus/node/222679.html]
[previewthemes.com/charityplus/business-card/themes/custom/gavias_charityplus/css/custom.html]
[previewthemes.com/charityplus/business-card/themes/custom/gavias_charityplus/css/update.html]
[previewthemes.com/charityplus/business-card/'/charityplus/themes/custom/gavias_charityplus/images/breadcrumb.html]
[previewthemes.com/charityplus/business-card/index02e4.html]
[previewthemes.com/charityplus/business-card/index2679.html]
[previewthemes.com/charityplus/node/1202e4.html]
[previewthemes.com/charityplus/node/122679.html]
[previewthemes.com/charityplus/record-number-robots-were-employed-2018/themes/custom/gavias_charityplus/css/custom.html]
[previewthemes.com/charityplus/record-number-robots-were-employed-2018/themes/custom/gavias_charityplus/css/update.html]
[previewthemes.com/charityplus/record-number-robots-were-employed-2018/'/charityplus/themes/custom/gavias_charityplus/images/breadcrumb.html]
[previewthemes.com/charityplus/record-number-robots-were-employed-2018/index02e4.html]
[previewthemes.com/charityplus/record-number-robots-were-employed-2018/index2679.html]
[previewthemes.com/charityplus/node/1102e4.html]
[previewthemes.com/charityplus/node/112679.html]
[previewthemes.com/charityplus/top-50-questions-ask-your-school-counselor/themes/custom/gavias_charityplus/css/custom.html]
[previewthemes.com/charityplus/top-50-questions-ask-your-school-counselor/themes/custom/gavias_charityplus/css/update.html]
[previewthemes.com/charityplus/top-50-questions-ask-your-school-counselor/'/charityplus/themes/custom/gavias_charityplus/images/breadcrumb.html]
[previewthemes.com/charityplus/top-50-questions-ask-your-school-counselor/index02e4.html]
[previewthemes.com/charityplus/top-50-questions-ask-your-school-counselor/index2679.html]
[previewthemes.com/charityplus/node/702e4.html]
[previewthemes.com/charityplus/node/72679.html]
[previewthemes.com/charityplus/content-social-hybrid-marketing-strategy-pearson-brown/themes/custom/gavias_charityplus/css/custom.html]
[previewthemes.com/charityplus/content-social-hybrid-marketing-strategy-pearson-brown/themes/custom/gavias_charityplus/css/update.html]
[previewthemes.com/charityplus/content-social-hybrid-marketing-strategy-pearson-brown/'/charityplus/themes/custom/gavias_charityplus/images/breadcrumb.html]
[previewthemes.com/charityplus/content-social-hybrid-marketing-strategy-pearson-brown/index02e4.html]
[previewthemes.com/charityplus/content-social-hybrid-marketing-strategy-pearson-brown/index2679.html]
[previewthemes.com/charityplus/node/1002e4.html]
[previewthemes.com/charityplus/node/102679.html]
[previewthemes.com/charityplus/roman-book-classical-literature-and-society/themes/custom/gavias_charityplus/css/custom.html]
[previewthemes.com/charityplus/roman-book-classical-literature-and-society/themes/custom/gavias_charityplus/css/update.html]
[previewthemes.com/charityplus/roman-book-classical-literature-and-society/'/charityplus/themes/custom/gavias_charityplus/images/breadcrumb.html]
[previewthemes.com/charityplus/roman-book-classical-literature-and-society/index02e4.html]
[previewthemes.com/charityplus/roman-book-classical-literature-and-society/index2679.html]
[previewthemes.com/charityplus/node/802e4.html]
[previewthemes.com/charityplus/node/82679.html]
[previewthemes.com/charityplus/how-do-i-know-if-business-finance-loans-are-right-me/themes/custom/gavias_charityplus/css/custom.html]
[previewthemes.com/charityplus/how-do-i-know-if-business-finance-loans-are-right-me/themes/custom/gavias_charityplus/css/update.html]
[previewthemes.com/charityplus/how-do-i-know-if-business-finance-loans-are-right-me/'/charityplus/themes/custom/gavias_charityplus/images/breadcrumb.html]
[previewthemes.com/charityplus/how-do-i-know-if-business-finance-loans-are-right-me/index02e4.html]
[previewthemes.com/charityplus/how-do-i-know-if-business-finance-loans-are-right-me/index2679.html]
[previewthemes.com/charityplus/node/902e4.html]
[previewthemes.com/charityplus/node/92679.html]
[previewthemes.com/charityplus/best-monitors-mac-mini-digital-trends/themes/custom/gavias_charityplus/css/custom.html]
[previewthemes.com/charityplus/best-monitors-mac-mini-digital-trends/themes/custom/gavias_charityplus/css/update.html]
[previewthemes.com/charityplus/best-monitors-mac-mini-digital-trends/'/charityplus/themes/custom/gavias_charityplus/images/breadcrumb.html]
[previewthemes.com/charityplus/best-monitors-mac-mini-digital-trends/index02e4.html]
[previewthemes.com/charityplus/best-monitors-mac-mini-digital-trends/index2679.html]
[previewthemes.com/charityplus/node/2102e4.html]
[previewthemes.com/charityplus/node/212679.html]
[previewthemes.com/charityplus/summer/themes/custom/gavias_charityplus/css/custom.html]
[previewthemes.com/charityplus/summer/themes/custom/gavias_charityplus/css/update.html]
[previewthemes.com/charityplus/summer/'/charityplus/themes/custom/gavias_charityplus/images/breadcrumb.html]
[previewthemes.com/charityplus/summer/index02e4.html]
[previewthemes.com/charityplus/summer/index2679.html]
[previewthemes.com/charityplus/node/1902e4.html]
[previewthemes.com/charityplus/node/192679.html]
[previewthemes.com/charityplus/moderats-eloquenti/themes/custom/gavias_charityplus/css/custom.html]
[previewthemes.com/charityplus/moderats-eloquenti/themes/custom/gavias_charityplus/css/update.html]
[previewthemes.com/charityplus/moderats-eloquenti/'/charityplus/themes/custom/gavias_charityplus/images/breadcrumb.html]
[previewthemes.com/charityplus/moderats-eloquenti/index02e4.html]
[previewthemes.com/charityplus/moderats-eloquenti/index2679.html]
[previewthemes.com/charityplus/node/2002e4.html]
[previewthemes.com/charityplus/node/202679.html]
[previewthemes.com/charityplus/flippin-bird/themes/custom/gavias_charityplus/css/custom.html]
[previewthemes.com/charityplus/flippin-bird/themes/custom/gavias_charityplus/css/update.html]
[previewthemes.com/charityplus/flippin-bird/'/charityplus/themes/custom/gavias_charityplus/images/breadcrumb.html]
[previewthemes.com/charityplus/flippin-bird/index2679.html]
[previewthemes.com/charityplus/flippin-bird/index02e4.html]
[previewthemes.com/charityplus/flippin-bird/index02e4.html]
[previewthemes.com/charityplus/flippin-bird/index2679.html]
